2026-09-19T02:05:18 phase=HEADERS 24.8% display=0 sdk=0  TOTAL PSS: 483591 TOTAL RSS: 611204 TOTAL SWAP PSS: 362
2026-09-19T02:05:39 phase=FILTER_HEADERS 65.7% display=0 sdk=0  TOTAL PSS: 487695 TOTAL RSS: 614520 TOTAL SWAP PSS: 583
2026-09-19T02:05:59 phase=FILTER_HEADERS 65.7% display=0 sdk=0  TOTAL PSS: 503520 TOTAL RSS: 625516 TOTAL SWAP PSS: 579
2026-09-19T02:06:20 phase=FILTERS 78.1% display=0 sdk=0  TOTAL PSS: 518831 TOTAL RSS: 638048 TOTAL SWAP PSS: 579
2026-09-19T02:06:40 phase=FILTERS 90.0% display=0 sdk=0  TOTAL PSS: 536134 TOTAL RSS: 655352 TOTAL SWAP PSS: 579
2026-09-19T02:07:00 phase=FILTERS 90.0% display=1281 sdk=3001  TOTAL PSS: 576054 TOTAL RSS: 695356 TOTAL SWAP PSS: 623
2026-09-19T02:07:21 phase=SYNCED 100.0% display=2543 sdk=3001  TOTAL PSS: 451727 TOTAL RSS: 568828 TOTAL SWAP PSS: 623
2026-09-19T02:07:21 SYNCED seen
2026-09-19T02:07:41 phase=SYNCED 100.0% display=2543 sdk=3001  TOTAL PSS: 443903 TOTAL RSS: 561004 TOTAL SWAP PSS: 623
2026-09-19T02:07:41 SYNCED seen
2026-09-19T02:08:01 phase=SYNCED 100.0% display=2543 sdk=3001  TOTAL PSS: 440234 TOTAL RSS: 557240 TOTAL SWAP PSS: 623
2026-09-19T02:08:01 SYNCED seen
2026-09-19T02:08:21 phase=SYNCED 100.0% display=2543 sdk=3001  TOTAL PSS: 436370 TOTAL RSS: 553376 TOTAL SWAP PSS: 623
2026-09-19T02:08:21 SYNCED seen
2026-09-19T02:08:42 phase=SYNCED 100.0% display=2543 sdk=3001  TOTAL PSS: 444146 TOTAL RSS: 561152 TOTAL SWAP PSS: 623
2026-09-19T02:08:42 SYNCED seen
2026-09-19T02:09:02 phase=SYNCED 100.0% display=2543 sdk=3001  TOTAL PSS: 458554 TOTAL RSS: 575564 TOTAL SWAP PSS: 623
2026-09-19T02:09:02 SYNCED seen
2026-09-19T02:09:22 phase=SYNCED 100.0% display=2543 sdk=3001  TOTAL PSS: 447814 TOTAL RSS: 564824 TOTAL SWAP PSS: 623
2026-09-19T02:09:22 SYNCED seen
2026-09-19T02:09:43 phase=SYNCED 100.0% display=2543 sdk=3001  TOTAL PSS: 444277 TOTAL RSS: 561852 TOTAL SWAP PSS: 609
2026-09-19T02:09:43 SYNCED seen
2026-09-19T02:10:03 phase=SYNCED 100.0% display=2543 sdk=3001  TOTAL PSS: 459945 TOTAL RSS: 577524 TOTAL SWAP PSS: 609
2026-09-19T02:10:03 SYNCED seen
2026-09-19T02:10:23 phase=SYNCED 100.0% display=2543 sdk=3001  TOTAL PSS: 439652 TOTAL RSS: 557232 TOTAL SWAP PSS: 610
2026-09-19T02:10:23 SYNCED seen
2026-09-19T02:10:43 phase=SYNCED 100.0% display=2543 sdk=3001  TOTAL PSS: 439560 TOTAL RSS: 557140 TOTAL SWAP PSS: 610
2026-09-19T02:10:43 SYNCED seen
2026-09-19T02:11:04 phase=SYNCED 100.0% display=2543 sdk=3001  TOTAL PSS: 447772 TOTAL RSS: 565352 TOTAL SWAP PSS: 610
2026-09-19T02:11:04 SYNCED seen
2026-09-19T02:11:24 phase=SYNCED 100.0% display=2543 sdk=3001  TOTAL PSS: 442084 TOTAL RSS: 559664 TOTAL SWAP PSS: 610
2026-09-19T02:11:24 SYNCED seen
2026-09-19T02:11:44 phase=SYNCED 100.0% display=2543 sdk=3001  TOTAL PSS: 448236 TOTAL RSS: 565816 TOTAL SWAP PSS: 610
2026-09-19T02:11:44 SYNCED seen
2026-09-19T02:12:05 phase=SYNCED 100.0% display=2543 sdk=3001  TOTAL PSS: 443904 TOTAL RSS: 561488 TOTAL SWAP PSS: 610
2026-09-19T02:12:05 SYNCED seen
2026-09-19T02:12:25 phase=SYNCED 100.0% display=2543 sdk=3001  TOTAL PSS: 436852 TOTAL RSS: 554436 TOTAL SWAP PSS: 610
2026-09-19T02:12:25 SYNCED seen
2026-09-19T02:12:45 phase=SYNCED 100.0% display=2543 sdk=3001  TOTAL PSS: 444679 TOTAL RSS: 562268 TOTAL SWAP PSS: 610
2026-09-19T02:12:45 SYNCED seen
2026-09-19T02:13:05 phase=SYNCED 100.0% display=2543 sdk=3001  TOTAL PSS: 437471 TOTAL RSS: 555064 TOTAL SWAP PSS: 610
2026-09-19T02:13:05 SYNCED seen
2026-09-19T02:13:26 phase=SYNCED 100.0% display=2543 sdk=3001  TOTAL PSS: 435859 TOTAL RSS: 553452 TOTAL SWAP PSS: 610
2026-09-19T02:13:26 SYNCED seen
2026-09-19T02:13:46 phase=SYNCED 100.0% display=2543 sdk=3001  TOTAL PSS: 446898 TOTAL RSS: 564248 TOTAL SWAP PSS: 623
2026-09-19T02:13:46 SYNCED seen
2026-09-19T02:14:06 phase=SYNCED 100.0% display=2543 sdk=3001  TOTAL PSS: 440680 TOTAL RSS: 558028 TOTAL SWAP PSS: 623
2026-09-19T02:14:06 SYNCED seen
2026-09-19T02:14:26 phase=SYNCED 100.0% display=2543 sdk=3001  TOTAL PSS: 440802 TOTAL RSS: 558152 TOTAL SWAP PSS: 623
2026-09-19T02:14:26 SYNCED seen
2026-09-19T02:14:47 phase=SYNCED 100.0% display=2543 sdk=3001  TOTAL PSS: 442012 TOTAL RSS: 559364 TOTAL SWAP PSS: 623
2026-09-19T02:14:47 SYNCED seen
2026-09-19T02:15:07 phase=SYNCED 100.0% display=2543 sdk=3001  TOTAL PSS: 445394 TOTAL RSS: 562896 TOTAL SWAP PSS: 623
2026-09-19T02:15:07 SYNCED seen
2026-09-19T02:15:27 phase=SYNCED 100.0% display=2543 sdk=3001  TOTAL PSS: 458090 TOTAL RSS: 575620 TOTAL SWAP PSS: 623
2026-09-19T02:15:27 SYNCED seen
2026-09-19T02:15:47 phase=SYNCED 100.0% display=2543 sdk=3001  TOTAL PSS: 440902 TOTAL RSS: 558516 TOTAL SWAP PSS: 623
2026-09-19T02:15:47 SYNCED seen
2026-09-19T02:16:07 phase=SYNCED 100.0% display=2543 sdk=3001  TOTAL PSS: 446774 TOTAL RSS: 564388 TOTAL SWAP PSS: 623
2026-09-19T02:16:07 SYNCED seen
2026-09-19T02:16:28 phase=SYNCED 100.0% display=2543 sdk=3001  TOTAL PSS: 446106 TOTAL RSS: 563720 TOTAL SWAP PSS: 623
2026-09-19T02:16:28 SYNCED seen
2026-09-19T02:16:48 phase=SYNCED 100.0% display=2543 sdk=3001  TOTAL PSS: 448910 TOTAL RSS: 566556 TOTAL SWAP PSS: 623
2026-09-19T02:16:48 SYNCED seen
2026-09-19T02:17:08 phase=SYNCED 100.0% display=2543 sdk=3001  TOTAL PSS: 451342 TOTAL RSS: 568988 TOTAL SWAP PSS: 623
2026-09-19T02:17:08 SYNCED seen
2026-09-19T02:17:29 phase=SYNCED 100.0% display=2543 sdk=3001  TOTAL PSS: 438970 TOTAL RSS: 556640 TOTAL SWAP PSS: 623
2026-09-19T02:17:29 SYNCED seen
2026-09-19T02:17:49 phase=SYNCED 100.0% display=2543 sdk=3001  TOTAL PSS: 449525 TOTAL RSS: 567196 TOTAL SWAP PSS: 623
2026-09-19T02:17:49 SYNCED seen
2026-09-19T02:18:09 phase=SYNCED 100.0% display=2543 sdk=3001  TOTAL PSS: 448570 TOTAL RSS: 565648 TOTAL SWAP PSS: 632
2026-09-19T02:18:09 SYNCED seen
2026-09-19T02:18:29 phase=SYNCED 100.0% display=2543 sdk=3001  TOTAL PSS: 448650 TOTAL RSS: 565728 TOTAL SWAP PSS: 632
2026-09-19T02:18:29 SYNCED seen
2026-09-19T02:18:49 L6 watch finished
