2026-09-19T01:08:26 UI[text="Syncing balance" text="Syncing 57%" ]  TOTAL PSS: 558062 TOTAL RSS: 662688 TOTAL SWAP PSS: 187
2026-09-19T01:09:14 UI[]  TOTAL PSS: 522299 TOTAL RSS: 625036 TOTAL SWAP PSS: 508
2026-09-19T01:10:01 UI[]  TOTAL PSS: 421662 TOTAL RSS: 520860 TOTAL SWAP PSS: 492
2026-09-19T01:10:49 UI[text="0.987666" text="0.000005" text="0.000005" text="0.000005" text="0.000005" text="0.000006" text="0.000007" ]  TOTAL PSS: 404963 TOTAL RSS: 263352 TOTAL SWAP PSS: 243826
2026-09-19T01:11:36 UI[]  TOTAL PSS: 400133 TOTAL RSS: 295392 TOTAL SWAP PSS: 207138
2026-09-19T01:12:22 UI[]  TOTAL PSS: 395600 TOTAL RSS: 293508 TOTAL SWAP PSS: 206983
2026-09-19T01:13:14 UI[text="0.000005" text="0.000005" text="0.000006" text="0.000005" text="0.000012" text="0.000011" text="0.000008" text="0.000009" text="0.000005" text="0.000005" text="0.000005" text="0.000012" text="0.000007" ]  TOTAL PSS: 399075 TOTAL RSS: 297580 TOTAL SWAP PSS: 206831
2026-09-19T01:14:08 UI[text="0.000015" text="0.000015" text="0.000015" text="0.000015" text="0.000015" text="0.000015" text="0.000015" text="0.000015" text="0.000015" text="0.000015" text="0.000015" ]  TOTAL PSS: 395568 TOTAL RSS: 293128 TOTAL SWAP PSS: 206873
2026-09-19T01:14:55 UI[text="0.000015" text="0.000015" text="0.000015" text="0.000015" text="0.000015" text="0.000015" text="0.000015" text="0.000015" text="0.000015" text="0.000015" text="0.000015" ]  TOTAL PSS: 396062 TOTAL RSS: 293848 TOTAL SWAP PSS: 206685
2026-09-19T01:15:46 UI[text="0.987262" text="0.000011" text="0.000011" text="0.000007" text="0.000007" text="0.000011" text="0.000007" ]  TOTAL PSS: 414888 TOTAL RSS: 313336 TOTAL SWAP PSS: 206445
2026-09-19T01:16:34 UI[text="0.986607" text="0.000005" text="0.000007" text="0.000008" text="0.000005" text="0.000005" text="0.000009" ]  TOTAL PSS: 417689 TOTAL RSS: 316216 TOTAL SWAP PSS: 206281
2026-09-19T01:17:21 UI[]  TOTAL PSS: 404461 TOTAL RSS: 303244 TOTAL SWAP PSS: 206153
2026-09-19T01:18:08 UI[]  TOTAL PSS: 411653 TOTAL RSS: 310576 TOTAL SWAP PSS: 206033
2026-09-19T01:18:55 UI[]  TOTAL PSS: 401604 TOTAL RSS: 300532 TOTAL SWAP PSS: 206033
2026-09-19T01:19:42 UI[]  TOTAL PSS: 400681 TOTAL RSS: 300636 TOTAL SWAP PSS: 205018
2026-09-19T01:20:29 UI[]  TOTAL PSS: 399635 TOTAL RSS: 299612 TOTAL SWAP PSS: 205010
2026-09-19T01:21:16 UI[]  TOTAL PSS: 397171 TOTAL RSS: 297176 TOTAL SWAP PSS: 204982
2026-09-19T01:22:04 UI[]  TOTAL PSS: 416089 TOTAL RSS: 316308 TOTAL SWAP PSS: 204866
2026-09-19T01:22:52 UI[text="0.985089" text="0.000005" text="0.000005" text="0.000007" text="0.000007" text="0.000009" text="0.000011" ]  TOTAL PSS: 405488 TOTAL RSS: 305816 TOTAL SWAP PSS: 204806
2026-09-19T01:23:39 UI[text="0.984451" text="0.000009" text="0.000011" text="0.000005" text="0.000007" text="0.000007" text="0.000008" ]  TOTAL PSS: 417471 TOTAL RSS: 318048 TOTAL SWAP PSS: 204642
2026-09-19T01:24:27 UI[text="0.984223" text="0.000005" text="0.000005" text="0.000007" text="0.000011" text="0.000005" text="0.000005" ]  TOTAL PSS: 405287 TOTAL RSS: 305976 TOTAL SWAP PSS: 204574
2026-09-19T01:25:14 UI[text="0.984223" text="0.000005" text="0.000005" text="0.000007" text="0.000011" text="0.000005" text="0.000005" ]  TOTAL PSS: 416767 TOTAL RSS: 317492 TOTAL SWAP PSS: 204542
2026-09-19T01:26:01 UI[text="0.984223" text="0.000005" text="0.000005" text="0.000007" text="0.000011" text="0.000005" text="0.000005" ]  TOTAL PSS: 400207 TOTAL RSS: 301000 TOTAL SWAP PSS: 204474
2026-09-19T01:26:48 UI[text="0.0000107" text="0.0000107" ]  TOTAL PSS: 408684 TOTAL RSS: 311160 TOTAL SWAP PSS: 204126
2026-09-19T01:27:36 UI[text="0.984223" text="0.000005" text="0.000005" text="0.000007" text="0.000011" text="0.000005" text="0.000005" text="0.000007" ]  TOTAL PSS: 404400 TOTAL RSS: 307116 TOTAL SWAP PSS: 203910
2026-09-19T01:28:23 UI[]  TOTAL PSS: 408276 TOTAL RSS: 311032 TOTAL SWAP PSS: 203906
2026-09-19T01:29:10 UI[]  TOTAL PSS: 427760 TOTAL RSS: 330696 TOTAL SWAP PSS: 203802
2026-09-19T01:29:57 UI[] 
2026-09-19T01:30:44 UI[] 
2026-09-19T01:31:31 UI[] 
2026-09-19T01:32:18 UI[] 
2026-09-19T01:33:05 UI[]  TOTAL PSS: 403277 TOTAL RSS: 520124 TOTAL SWAP PSS: 372
2026-09-19T01:33:53 UI[]  TOTAL PSS: 421230 TOTAL RSS: 540240 TOTAL SWAP PSS: 369
2026-09-19T01:34:40 UI[]  TOTAL PSS: 427624 TOTAL RSS: 546652 TOTAL SWAP PSS: 369
2026-09-19T01:35:27 UI[]  TOTAL PSS: 432402 TOTAL RSS: 551824 TOTAL SWAP PSS: 369
2026-09-19T01:36:15 UI[]  TOTAL PSS: 420917 TOTAL RSS: 540572 TOTAL SWAP PSS: 369
2026-09-19T01:37:02 UI[]  TOTAL PSS: 419267 TOTAL RSS: 539076 TOTAL SWAP PSS: 369
2026-09-19T01:37:49 UI[]  TOTAL PSS: 432748 TOTAL RSS: 552620 TOTAL SWAP PSS: 369
2026-09-19T01:38:36 UI[]  TOTAL PSS: 421426 TOTAL RSS: 537884 TOTAL SWAP PSS: 380
2026-09-19T01:39:23 UI[]  TOTAL PSS: 418449 TOTAL RSS: 535996 TOTAL SWAP PSS: 369
2026-09-19T01:40:10 UI[]  TOTAL PSS: 415393 TOTAL RSS: 532020 TOTAL SWAP PSS: 380
2026-09-19T01:40:58 UI[]  TOTAL PSS: 420600 TOTAL RSS: 537232 TOTAL SWAP PSS: 380
2026-09-19T01:41:45 UI[]  TOTAL PSS: 425327 TOTAL RSS: 541972 TOTAL SWAP PSS: 380
2026-09-19T01:42:32 UI[]  TOTAL PSS: 443079 TOTAL RSS: 559848 TOTAL SWAP PSS: 380
2026-09-19T01:43:19 UI[]  TOTAL PSS: 431046 TOTAL RSS: 547876 TOTAL SWAP PSS: 380
2026-09-19T01:44:06 UI[]  TOTAL PSS: 419347 TOTAL RSS: 536268 TOTAL SWAP PSS: 380
2026-09-19T01:44:54 UI[]  TOTAL PSS: 449920 TOTAL RSS: 566880 TOTAL SWAP PSS: 380
2026-09-19T01:45:42 UI[text="0.979288" text="0.000009" text="0.000009" text="0.000009" text="0.000005" text="0.000006" text="0.000007" text="0.000007" ]  TOTAL PSS: 430731 TOTAL RSS: 547876 TOTAL SWAP PSS: 379
2026-09-19T01:46:30 UI[text="0.979288" text="0.000009" text="0.000009" text="0.000009" text="0.000005" text="0.000006" text="0.000007" text="0.000007" ]  TOTAL PSS: 423562 TOTAL RSS: 540720 TOTAL SWAP PSS: 379
2026-09-19T01:47:17 UI[]  TOTAL PSS: 423435 TOTAL RSS: 541052 TOTAL SWAP PSS: 379
2026-09-19T01:48:04 UI[]  TOTAL PSS: 414673 TOTAL RSS: 528996 TOTAL SWAP PSS: 594
2026-09-19T01:48:51 UI[]  TOTAL PSS: 440110 TOTAL RSS: 559824 TOTAL SWAP PSS: 374
2026-09-19T01:49:36 UI[]  TOTAL PSS: 434434 TOTAL RSS: 553504 TOTAL SWAP PSS: 374
2026-09-19T01:50:24 UI[]  TOTAL PSS: 448995 TOTAL RSS: 568076 TOTAL SWAP PSS: 374
2026-09-19T01:51:14 UI[text="Syncing balance" text="0.979288" text="Syncing 52%" text="0.000005" text="0.000005" text="0.000007" text="0.000007" text="0.000009" text="0.000009" text="0.000011" ]  TOTAL PSS: 474895 TOTAL RSS: 594704 TOTAL SWAP PSS: 373
2026-09-19T01:52:01 UI[]  TOTAL PSS: 479723 TOTAL RSS: 599568 TOTAL SWAP PSS: 373
2026-09-19T01:52:47 UI[]  TOTAL PSS: 461069 TOTAL RSS: 581828 TOTAL SWAP PSS: 373
2026-09-19T01:53:34 UI[text="0.97763" text="0.000005" text="0.000005" text="0.000007" text="0.000007" text="0.000009" text="0.000009" text="0.000011" ]  TOTAL PSS: 468846 TOTAL RSS: 588836 TOTAL SWAP PSS: 373
2026-09-19T01:54:21 UI[]  TOTAL PSS: 445082 TOTAL RSS: 565096 TOTAL SWAP PSS: 373
2026-09-19T01:55:08 UI[]  TOTAL PSS: 454813 TOTAL RSS: 574908 TOTAL SWAP PSS: 373
2026-09-19T01:55:55 UI[]  TOTAL PSS: 455569 TOTAL RSS: 575784 TOTAL SWAP PSS: 373
2026-09-19T01:56:43 UI[]  TOTAL PSS: 447853 TOTAL RSS: 568236 TOTAL SWAP PSS: 373
2026-09-19T01:57:30 UI[]  TOTAL PSS: 441929 TOTAL RSS: 561992 TOTAL SWAP PSS: 373
2026-09-19T01:58:17 UI[]  TOTAL PSS: 440054 TOTAL RSS: 560120 TOTAL SWAP PSS: 373
2026-09-19T01:59:04 UI[]  TOTAL PSS: 455797 TOTAL RSS: 575976 TOTAL SWAP PSS: 373
2026-09-19T01:59:52 UI[]  TOTAL PSS: 454783 TOTAL RSS: 575280 TOTAL SWAP PSS: 373
2026-09-19T02:00:39 UI[]  TOTAL PSS: 479293 TOTAL RSS: 605280 TOTAL SWAP PSS: 365
2026-09-19T02:01:27 UI[]  TOTAL PSS: 464519 TOTAL RSS: 587672 TOTAL SWAP PSS: 365
2026-09-19T02:02:14 UI[]  TOTAL PSS: 436097 TOTAL RSS: 559040 TOTAL SWAP PSS: 365
2026-09-19T02:02:59 UI[]  TOTAL PSS: 456618 TOTAL RSS: 580496 TOTAL SWAP PSS: 365
2026-09-19T02:03:47 UI[]  TOTAL PSS: 270014 TOTAL RSS: 397076 TOTAL SWAP PSS: 364
2026-09-19T02:04:34 UI[]  TOTAL PSS: 313654 TOTAL RSS: 441348 TOTAL SWAP PSS: 362
2026-09-19T02:05:23 UI[text="Syncing balance" text="Syncing 50%" ]  TOTAL PSS: 501407 TOTAL RSS: 629024 TOTAL SWAP PSS: 362
2026-09-19T02:06:11 UI[]  TOTAL PSS: 523104 TOTAL RSS: 642356 TOTAL SWAP PSS: 579
2026-09-19T02:06:58 UI[]  TOTAL PSS: 532402 TOTAL RSS: 651740 TOTAL SWAP PSS: 579
2026-09-19T02:07:46 UI[]  TOTAL PSS: 442769 TOTAL RSS: 559888 TOTAL SWAP PSS: 623
2026-09-19T02:08:33 UI[]  TOTAL PSS: 436258 TOTAL RSS: 553264 TOTAL SWAP PSS: 623
2026-09-19T02:09:20 UI[]  TOTAL PSS: 448118 TOTAL RSS: 565128 TOTAL SWAP PSS: 623
2026-09-19T02:10:07 UI[]  TOTAL PSS: 444883 TOTAL RSS: 562464 TOTAL SWAP PSS: 609
2026-09-19T02:10:54 UI[]  TOTAL PSS: 462300 TOTAL RSS: 579880 TOTAL SWAP PSS: 610
2026-09-19T02:11:42 UI[]  TOTAL PSS: 446076 TOTAL RSS: 563656 TOTAL SWAP PSS: 610
2026-09-19T02:12:29 UI[text="0.974441" text="0.000005" text="0.000012" text="0.000008" text="0.000012" text="0.000011" text="0.000009" text="0.00001" ]  TOTAL PSS: 436855 TOTAL RSS: 554440 TOTAL SWAP PSS: 610
2026-09-19T02:13:16 UI[]  TOTAL PSS: 435615 TOTAL RSS: 553208 TOTAL SWAP PSS: 610
2026-09-19T02:14:03 UI[]  TOTAL PSS: 441048 TOTAL RSS: 558396 TOTAL SWAP PSS: 623
2026-09-19T02:14:50 UI[]  TOTAL PSS: 440588 TOTAL RSS: 557940 TOTAL SWAP PSS: 623
2026-09-19T02:15:43 UI[text="0.000015" text="0.000015" text="0.000015" text="0.000015" text="0.000015" text="0.000015" text="0.000015" text="0.000015" text="0.000015" text="0.000015" text="0.000015" ]  TOTAL PSS: 460408 TOTAL RSS: 577952 TOTAL SWAP PSS: 623
2026-09-19T02:16:30 UI[text="0.000015" text="0.000015" text="0.000015" text="0.000015" text="0.000015" text="0.000015" text="0.000015" text="0.000015" text="0.000015" text="0.000015" text="0.000015" ]  TOTAL PSS: 446130 TOTAL RSS: 563744 TOTAL SWAP PSS: 623
2026-09-19T02:17:17 UI[]  TOTAL PSS: 445214 TOTAL RSS: 562860 TOTAL SWAP PSS: 623
2026-09-19T02:18:05 UI[]  TOTAL PSS: 448854 TOTAL RSS: 566392 TOTAL SWAP PSS: 623
2026-09-19T02:18:52 UI[]  TOTAL PSS: 456458 TOTAL RSS: 573536 TOTAL SWAP PSS: 632
2026-09-19T02:19:39 UI[]  TOTAL PSS: 446689 TOTAL RSS: 563772 TOTAL SWAP PSS: 632
2026-09-19T02:20:26 UI[]  TOTAL PSS: 458521 TOTAL RSS: 575604 TOTAL SWAP PSS: 632
2026-09-19T02:21:14 UI[]  TOTAL PSS: 458552 TOTAL RSS: 575636 TOTAL SWAP PSS: 632
2026-09-19T02:22:01 UI[]  TOTAL PSS: 459160 TOTAL RSS: 576244 TOTAL SWAP PSS: 632
2026-09-19T02:22:48 UI[]  TOTAL PSS: 459016 TOTAL RSS: 576104 TOTAL SWAP PSS: 632
2026-09-19T02:23:35 UI[]  TOTAL PSS: 453895 TOTAL RSS: 570984 TOTAL SWAP PSS: 632
2026-09-19T02:24:22 UI[]  TOTAL PSS: 461675 TOTAL RSS: 578784 TOTAL SWAP PSS: 632
2026-09-19T02:25:10 UI[]  TOTAL PSS: 460763 TOTAL RSS: 577872 TOTAL SWAP PSS: 632
2026-09-19T02:25:57 UI[]  TOTAL PSS: 457343 TOTAL RSS: 574452 TOTAL SWAP PSS: 632
2026-09-19T02:26:44 UI[]  TOTAL PSS: 457799 TOTAL RSS: 574912 TOTAL SWAP PSS: 632
2026-09-19T02:27:31 UI[]  TOTAL PSS: 472035 TOTAL RSS: 589148 TOTAL SWAP PSS: 632
2026-09-19T02:28:19 UI[]  TOTAL PSS: 457063 TOTAL RSS: 574176 TOTAL SWAP PSS: 632
2026-09-19T02:29:06 UI[]  TOTAL PSS: 456997 TOTAL RSS: 574116 TOTAL SWAP PSS: 632
2026-09-19T02:29:53 UI[]  TOTAL PSS: 456597 TOTAL RSS: 573716 TOTAL SWAP PSS: 632
2026-09-19T02:30:40 UI[]  TOTAL PSS: 448465 TOTAL RSS: 565584 TOTAL SWAP PSS: 632
2026-09-19T02:31:27 UI[]  TOTAL PSS: 463317 TOTAL RSS: 580436 TOTAL SWAP PSS: 632
2026-09-19T02:32:14 UI[]  TOTAL PSS: 462653 TOTAL RSS: 579772 TOTAL SWAP PSS: 632
2026-09-19T02:33:02 UI[]  TOTAL PSS: 464537 TOTAL RSS: 581656 TOTAL SWAP PSS: 632
2026-09-19T02:33:49 UI[]  TOTAL PSS: 460701 TOTAL RSS: 577820 TOTAL SWAP PSS: 632
2026-09-19T02:34:36 UI[]  TOTAL PSS: 456477 TOTAL RSS: 573596 TOTAL SWAP PSS: 632
2026-09-19T02:35:23 UI[]  TOTAL PSS: 461955 TOTAL RSS: 579076 TOTAL SWAP PSS: 632
2026-09-19T02:36:11 UI[]  TOTAL PSS: 463903 TOTAL RSS: 581024 TOTAL SWAP PSS: 632
2026-09-19T02:36:58 UI[]  TOTAL PSS: 460453 TOTAL RSS: 577576 TOTAL SWAP PSS: 632
2026-09-19T02:37:45 UI[]  TOTAL PSS: 462513 TOTAL RSS: 579636 TOTAL SWAP PSS: 632
2026-09-19T02:38:32 UI[]  TOTAL PSS: 475793 TOTAL RSS: 592924 TOTAL SWAP PSS: 632
2026-09-19T02:39:19 UI[]  TOTAL PSS: 460181 TOTAL RSS: 577312 TOTAL SWAP PSS: 632
2026-09-19T02:40:07 UI[]  TOTAL PSS: 460869 TOTAL RSS: 578004 TOTAL SWAP PSS: 632
2026-09-19T02:40:54 UI[]  TOTAL PSS: 463345 TOTAL RSS: 580480 TOTAL SWAP PSS: 632
2026-09-19T02:41:41 UI[]  TOTAL PSS: 454457 TOTAL RSS: 571592 TOTAL SWAP PSS: 632
2026-09-19T02:42:28 UI[]  TOTAL PSS: 462761 TOTAL RSS: 579896 TOTAL SWAP PSS: 632
2026-09-19T02:43:15 UI[]  TOTAL PSS: 458629 TOTAL RSS: 575764 TOTAL SWAP PSS: 632
2026-09-19T02:44:03 UI[]  TOTAL PSS: 463801 TOTAL RSS: 580936 TOTAL SWAP PSS: 632
2026-09-19T02:44:50 UI[]  TOTAL PSS: 463425 TOTAL RSS: 580560 TOTAL SWAP PSS: 632
2026-09-19T02:45:37 UI[]  TOTAL PSS: 456971 TOTAL RSS: 574112 TOTAL SWAP PSS: 632
2026-09-19T02:46:24 UI[]  TOTAL PSS: 459883 TOTAL RSS: 577024 TOTAL SWAP PSS: 632
2026-09-19T02:47:11 UI[]  TOTAL PSS: 462571 TOTAL RSS: 579716 TOTAL SWAP PSS: 632
2026-09-19T02:47:59 UI[]  TOTAL PSS: 523259 TOTAL RSS: 640404 TOTAL SWAP PSS: 632
2026-09-19T02:48:46 UI[]  TOTAL PSS: 480339 TOTAL RSS: 597484 TOTAL SWAP PSS: 632
2026-09-19T02:49:33 UI[]  TOTAL PSS: 462967 TOTAL RSS: 580112 TOTAL SWAP PSS: 632
2026-09-19T02:50:20 UI[]  TOTAL PSS: 465699 TOTAL RSS: 582844 TOTAL SWAP PSS: 632
2026-09-19T02:51:08 UI[]  TOTAL PSS: 466951 TOTAL RSS: 584100 TOTAL SWAP PSS: 632
2026-09-19T02:51:55 UI[]  TOTAL PSS: 459879 TOTAL RSS: 577028 TOTAL SWAP PSS: 632
2026-09-19T02:52:42 UI[]  TOTAL PSS: 465503 TOTAL RSS: 582656 TOTAL SWAP PSS: 632
2026-09-19T02:53:29 UI[]  TOTAL PSS: 470327 TOTAL RSS: 587480 TOTAL SWAP PSS: 632
2026-09-19T02:54:17 UI[]  TOTAL PSS: 470087 TOTAL RSS: 587240 TOTAL SWAP PSS: 632
2026-09-19T02:55:04 UI[]  TOTAL PSS: 471279 TOTAL RSS: 588440 TOTAL SWAP PSS: 632
2026-09-19T02:55:52 UI[]  TOTAL PSS: 461638 TOTAL RSS: 578800 TOTAL SWAP PSS: 632
2026-09-19T02:56:39 UI[]  TOTAL PSS: 459568 TOTAL RSS: 576872 TOTAL SWAP PSS: 633
2026-09-19T02:57:26 UI[]  TOTAL PSS: 456832 TOTAL RSS: 574168 TOTAL SWAP PSS: 633
2026-09-19T02:58:13 UI[]  TOTAL PSS: 458700 TOTAL RSS: 576036 TOTAL SWAP PSS: 633
2026-09-19T02:59:01 UI[]  TOTAL PSS: 458560 TOTAL RSS: 575896 TOTAL SWAP PSS: 633
2026-09-19T02:59:48 UI[]  TOTAL PSS: 459352 TOTAL RSS: 576688 TOTAL SWAP PSS: 633
2026-09-19T03:00:35 UI[]  TOTAL PSS: 452092 TOTAL RSS: 569456 TOTAL SWAP PSS: 633
2026-09-19T03:01:22 UI[]  TOTAL PSS: 458768 TOTAL RSS: 576132 TOTAL SWAP PSS: 633
2026-09-19T03:02:09 UI[]  TOTAL PSS: 459468 TOTAL RSS: 576836 TOTAL SWAP PSS: 633
2026-09-19T03:02:56 UI[]  TOTAL PSS: 459492 TOTAL RSS: 576860 TOTAL SWAP PSS: 633
2026-09-19T03:03:44 UI[]  TOTAL PSS: 453109 TOTAL RSS: 570476 TOTAL SWAP PSS: 633
2026-09-19T03:04:31 UI[]  TOTAL PSS: 460125 TOTAL RSS: 577496 TOTAL SWAP PSS: 633
2026-09-19T03:05:18 UI[]  TOTAL PSS: 459285 TOTAL RSS: 576656 TOTAL SWAP PSS: 633
2026-09-19T03:06:05 UI[]  TOTAL PSS: 460330 TOTAL RSS: 578244 TOTAL SWAP PSS: 624
2026-09-19T03:06:52 UI[]  TOTAL PSS: 467091 TOTAL RSS: 585068 TOTAL SWAP PSS: 624
2026-09-19T03:07:40 UI[]  TOTAL PSS: 455171 TOTAL RSS: 573148 TOTAL SWAP PSS: 624
2026-09-19T03:08:27 UI[]  TOTAL PSS: 459975 TOTAL RSS: 577952 TOTAL SWAP PSS: 624
2026-09-19T03:09:14 UI[]  TOTAL PSS: 459691 TOTAL RSS: 577668 TOTAL SWAP PSS: 624
2026-09-19T03:10:01 UI[]  TOTAL PSS: 468219 TOTAL RSS: 586196 TOTAL SWAP PSS: 624
2026-09-19T03:10:48 UI[]  TOTAL PSS: 466911 TOTAL RSS: 584896 TOTAL SWAP PSS: 624
2026-09-19T03:11:35 UI[]  TOTAL PSS: 458957 TOTAL RSS: 576948 TOTAL SWAP PSS: 624
2026-09-19T03:12:23 UI[]  TOTAL PSS: 463436 TOTAL RSS: 581432 TOTAL SWAP PSS: 624
2026-09-19T03:13:10 UI[]  TOTAL PSS: 465452 TOTAL RSS: 583448 TOTAL SWAP PSS: 624
2026-09-19T03:13:57 UI[]  TOTAL PSS: 462848 TOTAL RSS: 580844 TOTAL SWAP PSS: 624
2026-09-19T03:14:44 UI[]  TOTAL PSS: 455120 TOTAL RSS: 573116 TOTAL SWAP PSS: 624
2026-09-19T03:15:31 UI[]  TOTAL PSS: 462972 TOTAL RSS: 580968 TOTAL SWAP PSS: 624
2026-09-19T03:16:19 UI[]  TOTAL PSS: 462544 TOTAL RSS: 580540 TOTAL SWAP PSS: 624
2026-09-19T03:17:06 UI[]  TOTAL PSS: 462388 TOTAL RSS: 580384 TOTAL SWAP PSS: 624
2026-09-19T03:17:53 UI[]  TOTAL PSS: 462620 TOTAL RSS: 580616 TOTAL SWAP PSS: 624
2026-09-19T03:18:40 UI[]  TOTAL PSS: 456696 TOTAL RSS: 574692 TOTAL SWAP PSS: 624
2026-09-19T03:19:28 UI[]  TOTAL PSS: 462863 TOTAL RSS: 580860 TOTAL SWAP PSS: 624
2026-09-19T03:20:15 UI[]  TOTAL PSS: 470763 TOTAL RSS: 588760 TOTAL SWAP PSS: 624
2026-09-19T03:21:02 UI[]  TOTAL PSS: 463031 TOTAL RSS: 581028 TOTAL SWAP PSS: 624
2026-09-19T03:21:49 UI[]  TOTAL PSS: 462435 TOTAL RSS: 580432 TOTAL SWAP PSS: 624
2026-09-19T03:22:36 UI[]  TOTAL PSS: 454992 TOTAL RSS: 572992 TOTAL SWAP PSS: 624
2026-09-19T03:23:24 UI[]  TOTAL PSS: 469764 TOTAL RSS: 587768 TOTAL SWAP PSS: 624
2026-09-19T03:24:11 UI[]  TOTAL PSS: 464376 TOTAL RSS: 582392 TOTAL SWAP PSS: 624
2026-09-19T03:24:58 UI[]  TOTAL PSS: 466360 TOTAL RSS: 584376 TOTAL SWAP PSS: 624
2026-09-19T03:25:45 UI[]  TOTAL PSS: 461260 TOTAL RSS: 579280 TOTAL SWAP PSS: 624
2026-09-19T03:26:32 UI[]  TOTAL PSS: 479672 TOTAL RSS: 597692 TOTAL SWAP PSS: 624
2026-09-19T03:27:19 UI[]  TOTAL PSS: 464424 TOTAL RSS: 582444 TOTAL SWAP PSS: 624
2026-09-19T03:28:07 UI[]  TOTAL PSS: 464335 TOTAL RSS: 582460 TOTAL SWAP PSS: 624
2026-09-19T03:28:54 UI[]  TOTAL PSS: 464791 TOTAL RSS: 582916 TOTAL SWAP PSS: 624
2026-09-19T03:29:41 UI[]  TOTAL PSS: 467011 TOTAL RSS: 585136 TOTAL SWAP PSS: 624
2026-09-19T03:30:28 UI[]  TOTAL PSS: 472507 TOTAL RSS: 590636 TOTAL SWAP PSS: 624
2026-09-19T03:31:15 UI[]  TOTAL PSS: 466195 TOTAL RSS: 584324 TOTAL SWAP PSS: 624
2026-09-19T03:32:03 UI[]  TOTAL PSS: 471071 TOTAL RSS: 589200 TOTAL SWAP PSS: 624
2026-09-19T03:32:50 UI[]  TOTAL PSS: 466359 TOTAL RSS: 584488 TOTAL SWAP PSS: 624
2026-09-19T03:33:37 UI[]  TOTAL PSS: 458947 TOTAL RSS: 577076 TOTAL SWAP PSS: 624
2026-09-19T03:34:24 UI[]  TOTAL PSS: 466858 TOTAL RSS: 584992 TOTAL SWAP PSS: 624
2026-09-19T03:35:11 UI[]  TOTAL PSS: 466494 TOTAL RSS: 584628 TOTAL SWAP PSS: 624
2026-09-19T03:35:59 UI[]  TOTAL PSS: 466226 TOTAL RSS: 584364 TOTAL SWAP PSS: 624
2026-09-19T03:36:46 UI[]  TOTAL PSS: 476598 TOTAL RSS: 594744 TOTAL SWAP PSS: 624
2026-09-19T03:37:33 UI[]  TOTAL PSS: 470998 TOTAL RSS: 589144 TOTAL SWAP PSS: 624
2026-09-19T03:38:20 UI[]  TOTAL PSS: 467034 TOTAL RSS: 585184 TOTAL SWAP PSS: 624
2026-09-19T03:39:08 UI[]  TOTAL PSS: 466798 TOTAL RSS: 584952 TOTAL SWAP PSS: 624
2026-09-19T03:39:55 UI[]  TOTAL PSS: 474862 TOTAL RSS: 593016 TOTAL SWAP PSS: 624
2026-09-19T03:40:42 UI[]  TOTAL PSS: 458990 TOTAL RSS: 577144 TOTAL SWAP PSS: 624
2026-09-19T03:41:29 UI[]  TOTAL PSS: 466898 TOTAL RSS: 585052 TOTAL SWAP PSS: 624
2026-09-19T03:42:16 UI[]  TOTAL PSS: 467814 TOTAL RSS: 585968 TOTAL SWAP PSS: 624
2026-09-19T03:43:04 UI[]  TOTAL PSS: 467346 TOTAL RSS: 585500 TOTAL SWAP PSS: 624
2026-09-19T03:43:51 UI[]  TOTAL PSS: 467142 TOTAL RSS: 585296 TOTAL SWAP PSS: 624
2026-09-19T03:44:39 UI[]  TOTAL PSS: 460446 TOTAL RSS: 578600 TOTAL SWAP PSS: 624
2026-09-19T03:45:26 UI[]  TOTAL PSS: 468166 TOTAL RSS: 586320 TOTAL SWAP PSS: 624
2026-09-19T03:46:14 UI[]  TOTAL PSS: 468034 TOTAL RSS: 586188 TOTAL SWAP PSS: 624
2026-09-19T03:47:01 UI[]  TOTAL PSS: 468810 TOTAL RSS: 586964 TOTAL SWAP PSS: 624
2026-09-19T03:47:48 UI[]  TOTAL PSS: 469582 TOTAL RSS: 587736 TOTAL SWAP PSS: 624
2026-09-19T03:48:35 UI[]  TOTAL PSS: 466498 TOTAL RSS: 584652 TOTAL SWAP PSS: 624
2026-09-19T03:49:22 UI[]  TOTAL PSS: 468594 TOTAL RSS: 586752 TOTAL SWAP PSS: 624
2026-09-19T03:50:10 UI[]  TOTAL PSS: 469798 TOTAL RSS: 587956 TOTAL SWAP PSS: 624
2026-09-19T03:50:57 UI[]  TOTAL PSS: 469418 TOTAL RSS: 587576 TOTAL SWAP PSS: 624
2026-09-19T03:51:44 UI[]  TOTAL PSS: 462254 TOTAL RSS: 580412 TOTAL SWAP PSS: 624
2026-09-19T03:52:31 UI[]  TOTAL PSS: 470782 TOTAL RSS: 588940 TOTAL SWAP PSS: 624
2026-09-19T03:53:18 UI[]  TOTAL PSS: 469186 TOTAL RSS: 587344 TOTAL SWAP PSS: 624
2026-09-19T03:54:05 UI[]  TOTAL PSS: 469366 TOTAL RSS: 587528 TOTAL SWAP PSS: 624
2026-09-19T03:54:53 UI[]  TOTAL PSS: 469438 TOTAL RSS: 587600 TOTAL SWAP PSS: 624
2026-09-19T03:55:40 UI[]  TOTAL PSS: 462893 TOTAL RSS: 581148 TOTAL SWAP PSS: 624
2026-09-19T03:56:27 UI[]  TOTAL PSS: 468605 TOTAL RSS: 586860 TOTAL SWAP PSS: 624
2026-09-19T03:57:14 UI[]  TOTAL PSS: 469605 TOTAL RSS: 587860 TOTAL SWAP PSS: 624
2026-09-19T03:58:01 UI[]  TOTAL PSS: 471213 TOTAL RSS: 589468 TOTAL SWAP PSS: 624
2026-09-19T03:58:49 UI[]  TOTAL PSS: 470445 TOTAL RSS: 588700 TOTAL SWAP PSS: 624
2026-09-19T03:59:36 UI[]  TOTAL PSS: 472385 TOTAL RSS: 590640 TOTAL SWAP PSS: 624
2026-09-19T04:00:23 UI[]  TOTAL PSS: 468681 TOTAL RSS: 586936 TOTAL SWAP PSS: 624
2026-09-19T04:01:10 UI[]  TOTAL PSS: 470076 TOTAL RSS: 588336 TOTAL SWAP PSS: 624
2026-09-19T04:02:04 UI[]  TOTAL PSS: 467816 TOTAL RSS: 586076 TOTAL SWAP PSS: 624
2026-09-19T04:02:52 UI[]  TOTAL PSS: 481724 TOTAL RSS: 599984 TOTAL SWAP PSS: 624
2026-09-19T04:03:39 UI[]  TOTAL PSS: 479857 TOTAL RSS: 598132 TOTAL SWAP PSS: 624
2026-09-19T04:04:26 UI[]  TOTAL PSS: 471097 TOTAL RSS: 589372 TOTAL SWAP PSS: 624
2026-09-19T04:05:13 UI[]  TOTAL PSS: 473161 TOTAL RSS: 591440 TOTAL SWAP PSS: 624
2026-09-19T04:06:01 UI[]  TOTAL PSS: 471857 TOTAL RSS: 590136 TOTAL SWAP PSS: 624
2026-09-19T04:06:49 UI[]  TOTAL PSS: 487337 TOTAL RSS: 605616 TOTAL SWAP PSS: 624
2026-09-19T04:07:36 UI[]  TOTAL PSS: 475395 TOTAL RSS: 593676 TOTAL SWAP PSS: 624
2026-09-19T04:08:23 UI[]  TOTAL PSS: 471835 TOTAL RSS: 590120 TOTAL SWAP PSS: 624
2026-09-19T04:09:11 UI[]  TOTAL PSS: 471482 TOTAL RSS: 589760 TOTAL SWAP PSS: 624
2026-09-19T04:09:58 UI[]  TOTAL PSS: 472014 TOTAL RSS: 590292 TOTAL SWAP PSS: 624
2026-09-19T04:10:45 UI[]  TOTAL PSS: 465566 TOTAL RSS: 583844 TOTAL SWAP PSS: 624
2026-09-19T04:11:33 UI[]  TOTAL PSS: 472562 TOTAL RSS: 590840 TOTAL SWAP PSS: 624
2026-09-19T04:12:20 UI[]  TOTAL PSS: 472350 TOTAL RSS: 590640 TOTAL SWAP PSS: 624
2026-09-19T04:13:07 UI[]  TOTAL PSS: 472778 TOTAL RSS: 591068 TOTAL SWAP PSS: 624
2026-09-19T04:13:54 UI[]  TOTAL PSS: 473263 TOTAL RSS: 591560 TOTAL SWAP PSS: 624
2026-09-19T04:14:42 UI[]  TOTAL PSS: 471423 TOTAL RSS: 589720 TOTAL SWAP PSS: 624
2026-09-19T04:15:29 UI[]  TOTAL PSS: 471643 TOTAL RSS: 589940 TOTAL SWAP PSS: 624
2026-09-19T04:16:16 UI[]  TOTAL PSS: 474275 TOTAL RSS: 592572 TOTAL SWAP PSS: 624
2026-09-19T04:17:01 UI[] 
2026-09-19T04:17:47 UI[] 
2026-09-19T04:18:32 UI[] 
2026-09-19T04:19:17 UI[] 
2026-09-19T04:20:02 UI[] 
2026-09-19T04:20:48 UI[] 
2026-09-19T04:21:33 UI[] 
2026-09-19T04:22:18 UI[] 
2026-09-19T04:23:03 UI[] 
2026-09-19T04:23:48 UI[] 
2026-09-19T04:24:34 UI[] 
2026-09-19T04:25:19 UI[] 
2026-09-19T04:26:04 UI[] 
2026-09-19T04:26:49 UI[] 
2026-09-19T04:27:34 UI[] 
2026-09-19T04:28:19 UI[] 
2026-09-19T04:29:05 UI[] 
2026-09-19T04:29:50 UI[] 
2026-09-19T04:30:35 UI[] 
2026-09-19T04:31:20 UI[] 
2026-09-19T04:32:05 UI[] 
2026-09-19T04:32:51 UI[] 
2026-09-19T04:33:36 UI[] 
2026-09-19T04:34:21 UI[] 
2026-09-19T04:35:06 UI[] 
2026-09-19T04:35:51 UI[] 
2026-09-19T04:36:37 UI[] 
2026-09-19T04:37:22 UI[] 
2026-09-19T04:38:07 UI[] 
2026-09-19T04:38:52 UI[] 
2026-09-19T04:39:37 UI[] 
2026-09-19T04:40:23 UI[] 
2026-09-19T04:41:08 UI[] 
2026-09-19T04:41:53 UI[] 
2026-09-19T04:42:38 UI[] 
2026-09-19T04:43:23 UI[] 
2026-09-19T04:44:09 UI[] 
2026-09-19T04:44:54 UI[] 
2026-09-19T04:45:39 UI[] 
2026-09-19T04:46:24 UI[] 
2026-09-19T04:47:09 UI[] 
2026-09-19T04:47:55 UI[] 
2026-09-19T04:48:40 UI[] 
2026-09-19T04:49:25 UI[] 
2026-09-19T04:50:10 UI[] 
2026-09-19T04:50:55 UI[] 
2026-09-19T04:51:41 UI[] 
2026-09-19T04:52:26 UI[] 
2026-09-19T04:53:11 UI[] 
2026-09-19T04:53:56 UI[] 
2026-09-19T04:54:41 UI[] 
2026-09-19T04:55:27 UI[] 
2026-09-19T04:56:12 UI[] 
2026-09-19T04:56:57 UI[] 
2026-09-19T04:57:42 UI[] 
2026-09-19T04:58:27 UI[] 
2026-09-19T04:59:13 UI[] 
2026-09-19T04:59:58 UI[] 
2026-09-19T05:00:43 UI[] 
2026-09-19T05:01:28 UI[] 
2026-09-19T05:02:13 UI[] 
2026-09-19T05:02:58 UI[] 
2026-09-19T05:03:44 UI[] 
2026-09-19T05:04:29 UI[] 
2026-09-19T05:05:14 UI[] 
2026-09-19T05:05:59 UI[] 
2026-09-19T05:06:44 UI[] 
2026-09-19T05:07:30 UI[] 
2026-09-19T05:08:15 UI[] 
2026-09-19T05:09:00 UI[] 
2026-09-19T05:09:46 UI[] 
2026-09-19T05:10:31 UI[] 
2026-09-19T05:11:16 UI[] 
2026-09-19T05:12:01 UI[] 
2026-09-19T05:12:46 UI[] 
2026-09-19T05:13:32 UI[] 
2026-09-19T05:14:17 UI[] 
2026-09-19T05:15:02 UI[] 
2026-09-19T05:15:47 UI[] 
2026-09-19T05:16:32 UI[] 
2026-09-19T05:17:18 UI[] 
2026-09-19T05:18:03 UI[] 
2026-09-19T05:18:48 UI[] 
2026-09-19T05:19:33 UI[] 
2026-09-19T05:20:18 UI[] 
2026-09-19T05:21:04 UI[] 
2026-09-19T05:21:49 UI[] 
2026-09-19T05:22:34 UI[] 
2026-09-19T05:23:19 UI[] 
2026-09-19T05:24:04 UI[] 
2026-09-19T05:24:50 UI[] 
2026-09-19T05:25:35 UI[] 
2026-09-19T05:26:20 UI[] 
2026-09-19T05:27:05 UI[] 
2026-09-19T05:27:50 UI[] 
2026-09-19T05:28:36 UI[] 
2026-09-19T05:29:21 UI[] 
2026-09-19T05:30:06 UI[] 
2026-09-19T05:30:51 UI[] 
2026-09-19T05:31:36 UI[] 
2026-09-19T05:32:22 UI[] 
2026-09-19T05:33:07 UI[] 
2026-09-19T05:33:52 UI[] 
2026-09-19T05:34:37 UI[] 
2026-09-19T05:35:22 UI[] 
2026-09-19T05:36:07 UI[] 
2026-09-19T05:36:53 UI[] 
2026-09-19T05:37:38 UI[] 
2026-09-19T05:38:23 UI[] 
2026-09-19T05:39:08 UI[] 
2026-09-19T05:39:53 UI[] 
2026-09-19T05:40:39 UI[] 
2026-09-19T05:41:24 UI[] 
2026-09-19T05:42:09 UI[] 
2026-09-19T05:42:54 UI[] 
2026-09-19T05:43:39 UI[] 
2026-09-19T05:44:25 UI[] 
2026-09-19T05:45:10 UI[] 
2026-09-19T05:45:55 UI[] 
2026-09-19T05:46:40 UI[] 
2026-09-19T05:47:25 UI[] 
2026-09-19T05:48:11 UI[] 
2026-09-19T05:48:56 UI[] 
2026-09-19T05:49:41 UI[] 
2026-09-19T05:50:26 UI[] 
2026-09-19T05:51:11 UI[] 
2026-09-19T05:51:57 UI[] 
2026-09-19T05:52:42 UI[] 
2026-09-19T05:53:27 UI[] 
2026-09-19T05:54:12 UI[] 
2026-09-19T05:54:57 UI[] 
2026-09-19T05:55:43 UI[] 
2026-09-19T05:56:28 UI[] 
2026-09-19T05:57:13 UI[] 
2026-09-19T05:57:58 UI[] 
2026-09-19T05:58:43 UI[] 
2026-09-19T05:59:28 UI[] 
2026-09-19T06:00:14 UI[] 
2026-09-19T06:00:59 UI[] 
2026-09-19T06:01:44 UI[] 
2026-09-19T06:02:29 UI[] 
2026-09-19T06:03:14 UI[] 
2026-09-19T06:04:00 UI[] 
2026-09-19T06:04:45 UI[] 
2026-09-19T06:05:30 UI[] 
2026-09-19T06:06:15 UI[] 
2026-09-19T06:07:00 UI[] 
2026-09-19T06:07:46 UI[] 
2026-09-19T06:08:31 UI[] 
2026-09-19T06:09:16 UI[] 
2026-09-19T06:10:01 UI[] 
2026-09-19T06:10:46 UI[] 
2026-09-19T06:11:32 UI[] 
2026-09-19T06:12:17 UI[] 
2026-09-19T06:13:02 UI[] 
2026-09-19T06:13:47 UI[] 
2026-09-19T06:14:32 UI[] 
2026-09-19T06:15:18 UI[] 
2026-09-19T06:16:03 UI[] 
2026-09-19T06:16:48 UI[] 
2026-09-19T06:17:33 UI[] 
2026-09-19T06:18:18 UI[] 
2026-09-19T06:19:04 UI[] 
2026-09-19T06:19:49 UI[] 
2026-09-19T06:20:34 UI[] 
2026-09-19T06:21:19 UI[] 
2026-09-19T06:22:04 UI[] 
2026-09-19T06:22:50 UI[] 
2026-09-19T06:23:35 UI[] 
2026-09-19T06:24:20 UI[] 
2026-09-19T06:25:05 UI[] 
2026-09-19T06:25:50 UI[] 
2026-09-19T06:26:36 UI[] 
2026-09-19T06:27:21 UI[] 
2026-09-19T06:28:06 UI[] 
2026-09-19T06:28:51 UI[] 
2026-09-19T06:29:37 UI[] 
2026-09-19T06:30:22 UI[] 
2026-09-19T06:31:07 UI[] 
2026-09-19T06:31:52 UI[] 
2026-09-19T06:32:37 UI[] 
2026-09-19T06:33:23 UI[] 
2026-09-19T06:34:08 UI[] 
2026-09-19T06:34:53 UI[] 
2026-09-19T06:35:38 UI[] 
2026-09-19T06:36:23 UI[] 
2026-09-19T06:37:09 UI[] 
2026-09-19T06:37:54 UI[] 
2026-09-19T06:38:39 UI[] 
2026-09-19T06:39:24 UI[] 
2026-09-19T06:40:09 UI[] 
2026-09-19T06:40:54 UI[] 
2026-09-19T06:41:40 UI[] 
2026-09-19T06:42:25 UI[] 
2026-09-19T06:43:10 UI[] 
2026-09-19T06:43:55 UI[] 
2026-09-19T06:44:40 UI[] 
2026-09-19T06:45:26 UI[] 
2026-09-19T06:46:11 UI[] 
2026-09-19T06:46:56 UI[] 
2026-09-19T06:47:42 UI[] 
2026-09-19T06:48:27 UI[] 
2026-09-19T06:49:12 UI[] 
2026-09-19T06:49:57 UI[] 
2026-09-19T06:50:43 UI[] 
2026-09-19T06:51:28 UI[] 
2026-09-19T06:52:13 UI[] 
2026-09-19T06:52:58 UI[] 
2026-09-19T06:53:43 UI[] 
2026-09-19T06:54:28 UI[] 
2026-09-19T06:55:14 UI[] 
2026-09-19T06:55:59 UI[] 
2026-09-19T06:56:44 UI[] 
2026-09-19T06:57:29 UI[] 
2026-09-19T06:58:15 UI[] 
2026-09-19T06:59:00 UI[] 
2026-09-19T06:59:45 UI[] 
2026-09-19T07:00:30 UI[] 
2026-09-19T07:01:16 UI[] 
2026-09-19T07:02:01 UI[] 
2026-09-19T07:02:46 UI[] 
2026-09-19T07:03:31 UI[] 
2026-09-19T07:04:17 UI[] 
2026-09-19T07:05:02 UI[] 
2026-09-19T07:05:47 UI[] 
2026-09-19T07:06:32 UI[] 
2026-09-19T07:07:17 UI[] 
2026-09-19T07:08:02 UI[] 
2026-09-19T07:08:48 UI[] 
2026-09-19T07:09:33 UI[] 
2026-09-19T07:10:18 UI[] 
2026-09-19T07:11:04 UI[] 
2026-09-19T07:11:49 UI[] 
2026-09-19T07:12:35 UI[] 
2026-09-19T07:13:20 UI[] 
2026-09-19T07:14:05 UI[] 
2026-09-19T07:14:50 UI[] 
2026-09-19T07:15:35 UI[] 
2026-09-19T07:16:21 UI[] 
2026-09-19T07:17:06 UI[] 
2026-09-19T07:17:51 UI[] 
2026-09-19T07:18:36 UI[] 
2026-09-19T07:19:21 UI[] 
2026-09-19T07:20:07 UI[] 
2026-09-19T07:20:52 UI[] 
2026-09-19T07:21:37 UI[] 
2026-09-19T07:22:28 UI[] 
2026-09-19T07:23:13 UI[] 
2026-09-19T07:23:58 UI[] 
2026-09-19T07:24:43 UI[] 
2026-09-19T07:25:29 UI[] 
2026-09-19T07:26:14 UI[] 
2026-09-19T07:26:59 UI[] 
2026-09-19T07:27:44 UI[] 
2026-09-19T07:28:29 UI[] 
2026-09-19T07:29:15 UI[] 
2026-09-19T07:30:00 UI[] 
2026-09-19T07:30:45 UI[] 
2026-09-19T07:31:30 UI[] 
2026-09-19T07:32:15 UI[] 
2026-09-19T07:33:01 UI[] 
2026-09-19T07:33:46 UI[] 
2026-09-19T07:34:31 UI[] 
2026-09-19T07:35:16 UI[] 
2026-09-19T07:36:01 UI[] 
2026-09-19T07:36:46 UI[] 
2026-09-19T07:37:32 UI[] 
2026-09-19T07:38:17 UI[] 
2026-09-19T07:39:02 UI[] 
2026-09-19T07:39:47 UI[] 
2026-09-19T07:40:32 UI[] 
2026-09-19T07:41:18 UI[] 
2026-09-19T07:42:03 UI[] 
2026-09-19T07:42:48 UI[] 
2026-09-19T07:43:33 UI[] 
2026-09-19T07:44:18 UI[] 
2026-09-19T07:45:04 UI[] 
2026-09-19T07:45:49 UI[] 
2026-09-19T07:46:34 UI[] 
2026-09-19T07:47:19 UI[] 
2026-09-19T07:48:04 UI[] 
2026-09-19T07:48:49 UI[] 
2026-09-19T07:49:35 UI[] 
2026-09-19T07:50:20 UI[] 
2026-09-19T07:51:05 UI[] 
2026-09-19T07:51:50 UI[] 
2026-09-19T07:52:35 UI[] 
2026-09-19T07:53:21 UI[] 
2026-09-19T07:54:06 UI[] 
2026-09-19T07:54:51 UI[] 
2026-09-19T07:55:36 UI[] 
2026-09-19T07:56:21 UI[] 
2026-09-19T07:57:07 UI[] 
2026-09-19T07:57:52 UI[] 
2026-09-19T07:58:37 UI[] 
2026-09-19T07:59:22 UI[] 
2026-09-19T08:00:07 UI[] 
2026-09-19T08:00:53 UI[] 
2026-09-19T08:01:38 UI[] 
2026-09-19T08:02:23 UI[] 
2026-09-19T08:03:08 UI[] 
2026-09-19T08:03:54 UI[] 
2026-09-19T08:04:39 UI[] 
2026-09-19T08:05:24 UI[] 
2026-09-19T08:06:09 UI[] 
2026-09-19T08:06:55 UI[] 
2026-09-19T08:07:40 UI[] 
2026-09-19T08:08:25 UI[] 
2026-09-19T08:09:10 UI[] 
2026-09-19T08:09:55 UI[] 
2026-09-19T08:10:41 UI[] 
2026-09-19T08:11:26 UI[] 
2026-09-19T08:12:11 UI[] 
2026-09-19T08:12:56 UI[] 
2026-09-19T08:13:41 UI[] 
2026-09-19T08:14:26 UI[] 
2026-09-19T08:15:12 UI[] 
2026-09-19T08:15:57 UI[] 
2026-09-19T08:16:42 UI[] 
2026-09-19T08:17:27 UI[] 
2026-09-19T08:18:12 UI[] 
2026-09-19T08:18:58 UI[] 
2026-09-19T08:19:43 UI[] 
2026-09-19T08:20:28 UI[] 
2026-09-19T08:21:13 UI[] 
2026-09-19T08:21:58 UI[] 
2026-09-19T08:22:45 UI[] 
2026-09-19T08:23:31 UI[] 
2026-09-19T08:24:16 UI[] 
2026-09-19T08:25:01 UI[] 
2026-09-19T08:25:46 UI[] 
2026-09-19T08:26:31 UI[] 
2026-09-19T08:27:17 UI[] 
2026-09-19T08:28:03 UI[] 
2026-09-19T08:28:49 UI[] 
2026-09-19T08:29:34 UI[] 
2026-09-19T08:30:19 UI[] 
2026-09-19T08:31:04 UI[] 
2026-09-19T08:31:49 UI[] 
2026-09-19T08:32:35 UI[] 
2026-09-19T08:33:20 UI[] 
2026-09-19T08:34:05 UI[] 
2026-09-19T08:34:50 UI[] 
2026-09-19T08:35:36 UI[] 
2026-09-19T08:36:21 UI[] 
2026-09-19T08:37:06 UI[] 
2026-09-19T08:37:51 UI[] 
2026-09-19T08:38:36 UI[] 
2026-09-19T08:39:22 UI[] 
2026-09-19T08:40:07 UI[] 
2026-09-19T08:40:52 UI[] 
2026-09-19T08:41:37 UI[] 
2026-09-19T08:42:22 UI[] 
2026-09-19T08:43:08 UI[] 
2026-09-19T08:43:53 UI[] 
2026-09-19T08:44:38 UI[] 
2026-09-19T08:45:23 UI[] 
2026-09-19T08:46:08 UI[] 
2026-09-19T08:46:54 UI[] 
2026-09-19T08:47:39 UI[] 
2026-09-19T08:48:24 UI[] 
2026-09-19T08:49:09 UI[] 
2026-09-19T08:49:54 UI[] 
2026-09-19T08:50:40 UI[] 
2026-09-19T08:51:25 UI[] 
2026-09-19T08:52:10 UI[] 
2026-09-19T08:52:55 UI[] 
2026-09-19T08:53:41 UI[] 
2026-09-19T08:54:26 UI[] 
2026-09-19T08:55:11 UI[] 
2026-09-19T08:55:56 UI[] 
2026-09-19T08:56:41 UI[] 
2026-09-19T08:57:26 UI[] 
2026-09-19T08:58:12 UI[] 
2026-09-19T08:58:57 UI[] 
2026-09-19T08:59:42 UI[] 
2026-09-19T09:00:27 UI[] 
2026-09-19T09:01:12 UI[] 
2026-09-19T09:01:57 UI[] 
2026-09-19T09:02:43 UI[] 
2026-09-19T09:03:28 UI[] 
2026-09-19T09:04:13 UI[] 
2026-09-19T09:04:59 UI[] 
2026-09-19T09:05:46 UI[] 
2026-09-19T09:06:33 UI[] 
2026-09-19T09:07:18 UI[] 
2026-09-19T09:08:03 UI[] 
2026-09-19T09:08:48 UI[] 
2026-09-19T09:09:34 UI[] 
2026-09-19T09:10:19 UI[] 
2026-09-19T09:11:04 UI[] 
2026-09-19T09:11:49 UI[] 
2026-09-19T09:12:34 UI[] 
2026-09-19T09:13:20 UI[] 
2026-09-19T09:14:05 UI[] 
2026-09-19T09:14:50 UI[] 
2026-09-19T09:15:35 UI[] 
2026-09-19T09:16:20 UI[] 
2026-09-19T09:17:06 UI[] 
2026-09-19T09:17:51 UI[] 
2026-09-19T09:18:36 UI[] 
2026-09-19T09:19:21 UI[] 
2026-09-19T09:20:06 UI[] 
2026-09-19T09:20:52 UI[] 
2026-09-19T09:21:37 UI[] 
2026-09-19T09:22:22 UI[] 
2026-09-19T09:23:07 UI[] 
2026-09-19T09:23:52 UI[] 
2026-09-19T09:24:38 UI[] 
2026-09-19T09:25:23 UI[] 
2026-09-19T09:26:08 UI[] 
2026-09-19T09:26:53 UI[] 
2026-09-19T09:27:38 UI[] 
2026-09-19T09:28:24 UI[] 
2026-09-19T09:29:09 UI[] 
2026-09-19T09:29:54 UI[] 
2026-09-19T09:30:39 UI[] 
2026-09-19T09:31:24 UI[] 
2026-09-19T09:32:09 UI[] 
2026-09-19T09:32:55 UI[] 
2026-09-19T09:33:40 UI[] 
2026-09-19T09:34:25 UI[] 
2026-09-19T09:35:10 UI[] 
2026-09-19T09:35:55 UI[] 
2026-09-19T09:36:41 UI[] 
2026-09-19T09:37:26 UI[] 
2026-09-19T09:38:11 UI[] 
2026-09-19T09:38:56 UI[] 
2026-09-19T09:39:41 UI[] 
2026-09-19T09:40:27 UI[] 
2026-09-19T09:41:12 UI[] 
2026-09-19T09:41:57 UI[] 
2026-09-19T09:42:42 UI[] 
2026-09-19T09:43:27 UI[] 
2026-09-19T09:44:13 UI[] 
2026-09-19T09:44:59 UI[] 
2026-09-19T09:45:45 UI[] 
2026-09-19T09:46:31 UI[] 
2026-09-19T09:47:16 UI[] 
2026-09-19T09:48:01 UI[] 
2026-09-19T09:48:46 UI[] 
2026-09-19T09:49:31 UI[] 
2026-09-19T09:50:16 UI[] 
2026-09-19T09:51:02 UI[] 
2026-09-19T09:51:47 UI[] 
2026-09-19T09:52:32 UI[] 
2026-09-19T09:53:17 UI[] 
2026-09-19T09:54:03 UI[] 
2026-09-19T09:54:48 UI[] 
2026-09-19T09:55:33 UI[] 
2026-09-19T09:56:18 UI[] 
2026-09-19T09:57:03 UI[] 
2026-09-19T09:57:49 UI[] 
2026-09-19T09:58:34 UI[] 
2026-09-19T09:59:20 UI[] 
2026-09-19T10:00:05 UI[] 
2026-09-19T10:00:50 UI[] 
2026-09-19T10:01:35 UI[] 
2026-09-19T10:02:20 UI[] 
2026-09-19T10:03:06 UI[] 
2026-09-19T10:03:51 UI[] 
2026-09-19T10:04:36 UI[] 
2026-09-19T10:05:21 UI[] 
2026-09-19T10:06:06 UI[] 
2026-09-19T10:06:52 UI[] 
2026-09-19T10:07:37 UI[] 
2026-09-19T10:08:22 UI[] 
2026-09-19T10:09:07 UI[] 
2026-09-19T10:09:52 UI[] 
2026-09-19T10:10:38 UI[] 
2026-09-19T10:11:23 UI[] 
2026-09-19T10:12:08 UI[] 
2026-09-19T10:12:53 UI[] 
2026-09-19T10:13:38 UI[] 
2026-09-19T10:14:24 UI[] 
2026-09-19T10:15:09 UI[] 
2026-09-19T10:15:54 UI[] 
2026-09-19T10:16:39 UI[] 
2026-09-19T10:17:24 UI[] 
2026-09-19T10:18:10 UI[] 
