LAUNCH at 2026-09-19T00:43:57
launched
[t=5s 00:44:00] 
[t=10s 00:44:05] text="Enter PIN" text="Forgot PIN?" text="Quick Receive" text="Scan to Send" text="1" text="2" text="3" text="4" text="5" text="6" text="7" text="8" text="9" text="Cancel" text="0" 
[t=15s 00:44:11] text="Enter PIN" text="Forgot PIN?" text="Quick Receive" text="Scan to Send" text="1" text="2" text="3" text="4" text="5" text="6" text="7" text="8" text="9" text="Cancel" text="0" 
[t=20s 00:44:18] text="Enter PIN" text="Forgot PIN?" text="Quick Receive" text="Scan to Send" text="1" text="2" text="3" text="4" text="5" text="6" text="7" text="8" text="9" text="Cancel" text="0" 
[t=25s 00:44:24] text="Enter PIN" text="Forgot PIN?" text="Quick Receive" text="Scan to Send" text="1" text="2" text="3" text="4" text="5" text="6" text="7" text="8" text="9" text="Cancel" text="0" 
[t=30s 00:44:30] text="Enter PIN" text="Forgot PIN?" text="Quick Receive" text="Scan to Send" text="1" text="2" text="3" text="4" text="5" text="6" text="7" text="8" text="9" text="Cancel" text="0" 
[t=35s 00:44:35] text="Enter PIN" text="Forgot PIN?" text="Quick Receive" text="Scan to Send" text="1" text="2" text="3" text="4" text="5" text="6" text="7" text="8" text="9" text="Cancel" text="0" 
[t=40s 00:44:41] text="Enter PIN" text="Forgot PIN?" text="Quick Receive" text="Scan to Send" text="1" text="2" text="3" text="4" text="5" text="6" text="7" text="8" text="9" text="Cancel" text="0" 
[t=45s 00:44:47] text="Enter PIN" text="Forgot PIN?" text="Quick Receive" text="Scan to Send" text="1" text="2" text="3" text="4" text="5" text="6" text="7" text="8" text="9" text="Cancel" text="0" 
[t=50s 00:44:52] text="Enter PIN" text="Forgot PIN?" text="Quick Receive" text="Scan to Send" text="1" text="2" text="3" text="4" text="5" text="6" text="7" text="8" text="9" text="Cancel" text="0" 
[t=55s 00:44:58] text="Enter PIN" text="Forgot PIN?" text="Quick Receive" text="Scan to Send" text="1" text="2" text="3" text="4" text="5" text="6" text="7" text="8" text="9" text="Cancel" text="0" 
[t=60s 00:45:04] text="Enter PIN" text="Forgot PIN?" text="Quick Receive" text="Scan to Send" text="1" text="2" text="3" text="4" text="5" text="6" text="7" text="8" text="9" text="Cancel" text="0" 
[t=65s 00:45:10] text="Enter PIN" text="Forgot PIN?" text="Quick Receive" text="Scan to Send" text="1" text="2" text="3" text="4" text="5" text="6" text="7" text="8" text="9" text="Cancel" text="0" 
[t=70s 00:45:15] text="Enter PIN" text="Forgot PIN?" text="Quick Receive" text="Scan to Send" text="1" text="2" text="3" text="4" text="5" text="6" text="7" text="8" text="9" text="Cancel" text="0" 
[t=75s 00:45:21] text="Enter PIN" text="Forgot PIN?" text="Quick Receive" text="Scan to Send" text="1" text="2" text="3" text="4" text="5" text="6" text="7" text="8" text="9" text="Cancel" text="0" 
[t=80s 00:45:26] text="Enter PIN" text="Forgot PIN?" text="Quick Receive" text="Scan to Send" text="1" text="2" text="3" text="4" text="5" text="6" text="7" text="8" text="9" text="Cancel" text="0" 
[t=85s 00:45:32] text="Enter PIN" text="Forgot PIN?" text="Quick Receive" text="Scan to Send" text="1" text="2" text="3" text="4" text="5" text="6" text="7" text="8" text="9" text="Cancel" text="0" 
[t=90s 00:45:38] text="Enter PIN" text="Forgot PIN?" text="Quick Receive" text="Scan to Send" text="1" text="2" text="3" text="4" text="5" text="6" text="7" text="8" text="9" text="Cancel" text="0" 
[t=95s 00:45:44] text="Enter PIN" text="Forgot PIN?" text="Quick Receive" text="Scan to Send" text="1" text="2" text="3" text="4" text="5" text="6" text="7" text="8" text="9" text="Cancel" text="0" 
[t=100s 00:45:49] text="Enter PIN" text="Forgot PIN?" text="Quick Receive" text="Scan to Send" text="1" text="2" text="3" text="4" text="5" text="6" text="7" text="8" text="9" text="Cancel" text="0" 
[t=105s 00:45:55] text="Enter PIN" text="Forgot PIN?" text="Quick Receive" text="Scan to Send" text="1" text="2" text="3" text="4" text="5" text="6" text="7" text="8" text="9" text="Cancel" text="0" 
[t=110s 00:46:00] text="Enter PIN" text="Forgot PIN?" text="Quick Receive" text="Scan to Send" text="1" text="2" text="3" text="4" text="5" text="6" text="7" text="8" text="9" text="Cancel" text="0" 
[t=115s 00:46:06] text="Enter PIN" text="Forgot PIN?" text="Quick Receive" text="Scan to Send" text="1" text="2" text="3" text="4" text="5" text="6" text="7" text="8" text="9" text="Cancel" text="0" 
[t=120s 00:46:11] text="Enter PIN" text="Forgot PIN?" text="Quick Receive" text="Scan to Send" text="1" text="2" text="3" text="4" text="5" text="6" text="7" text="8" text="9" text="Cancel" text="0" 
[t=125s 00:46:17] text="Enter PIN" text="Forgot PIN?" text="Quick Receive" text="Scan to Send" text="1" text="2" text="3" text="4" text="5" text="6" text="7" text="8" text="9" text="Cancel" text="0" 
[t=130s 00:46:22] text="Enter PIN" text="Forgot PIN?" text="Quick Receive" text="Scan to Send" text="1" text="2" text="3" text="4" text="5" text="6" text="7" text="8" text="9" text="Cancel" text="0" 
[t=135s 00:46:28] text="Enter PIN" text="Forgot PIN?" text="Quick Receive" text="Scan to Send" text="1" text="2" text="3" text="4" text="5" text="6" text="7" text="8" text="9" text="Cancel" text="0" 
[t=140s 00:46:33] text="Enter PIN" text="Forgot PIN?" text="Quick Receive" text="Scan to Send" text="1" text="2" text="3" text="4" text="5" text="6" text="7" text="8" text="9" text="Cancel" text="0" 
[t=145s 00:46:39] text="Enter PIN" text="Forgot PIN?" text="Quick Receive" text="Scan to Send" text="1" text="2" text="3" text="4" text="5" text="6" text="7" text="8" text="9" text="Cancel" text="0" 
[t=150s 00:46:44] text="Enter PIN" text="Forgot PIN?" text="Quick Receive" text="Scan to Send" text="1" text="2" text="3" text="4" text="5" text="6" text="7" text="8" text="9" text="Cancel" text="0" 
[t=155s 00:46:50] text="Enter PIN" text="Forgot PIN?" text="Quick Receive" text="Scan to Send" text="1" text="2" text="3" text="4" text="5" text="6" text="7" text="8" text="9" text="Cancel" text="0" 
[t=160s 00:46:56] text="Enter PIN" text="Forgot PIN?" text="Quick Receive" text="Scan to Send" text="1" text="2" text="3" text="4" text="5" text="6" text="7" text="8" text="9" text="Cancel" text="0" 
[t=165s 00:47:01] text="Enter PIN" text="Forgot PIN?" text="Quick Receive" text="Scan to Send" text="1" text="2" text="3" text="4" text="5" text="6" text="7" text="8" text="9" text="Cancel" text="0" 
[t=170s 00:47:07] text="Enter PIN" text="Forgot PIN?" text="Quick Receive" text="Scan to Send" text="1" text="2" text="3" text="4" text="5" text="6" text="7" text="8" text="9" text="Cancel" text="0" 
[t=175s 00:47:12] text="Enter PIN" text="Forgot PIN?" text="Quick Receive" text="Scan to Send" text="1" text="2" text="3" text="4" text="5" text="6" text="7" text="8" text="9" text="Cancel" text="0" 
[t=180s 00:47:18] text="Enter PIN" text="Forgot PIN?" text="Quick Receive" text="Scan to Send" text="1" text="2" text="3" text="4" text="5" text="6" text="7" text="8" text="9" text="Cancel" text="0" 
CAPTURE-DONE 2026-09-19T00:47:21
