===== poll 01  host=2026-09-19T00:14:12 =====
UI syncing: text="Syncing 55%"   balance: 
chain: 05:14:20 [PeerGroup Thread] PeerGroup$ChainDownloadSpeedCalculator - 880 blocks/sec, 0 tx/sec, 5049 pre-filtered tx/sec, 0 headers/sec, 0 mnlistdiff/sec, avg/last 57.44/68.75 kilobytes per sec, chain/common height 38391/1556550, not stalled (threshold <0.39 KB/sec for 30 seconds)
prog:  05:14:12 [NioClientManager] BlockchainServiceImpl - progress 55
mem:   2026-09-19T00:14:22 t1x5min  Native Heap 46229 46184 16 76 47292 63364 54108 5155| Dalvik Heap 59732 55552 4076 46 61444 67459 42883 24576| Native Heap: 46184 47292| TOTAL PSS: 200498 TOTAL RSS: 340024 TOTAL SWAP PSS: 288|
--- grep percent|peergroup|block|MEM|FATAL (20) ---
05:14:09 [PeerGroup Thread] PeerGroup$ChainDownloadSpeedCalculator - 500 blocks/sec, 0 tx/sec, 767 pre-filtered tx/sec, 0 headers/sec, 0 mnlistdiff/sec, avg/last 54.46/39.06 kilobytes per sec, chain/common height 30499/1556550, not stalled (threshold <0.39 KB/sec for 30 seconds)
05:14:10 [PeerGroup Thread] PeerGroup$ChainDownloadSpeedCalculator - 505 blocks/sec, 0 tx/sec, 771 pre-filtered tx/sec, 0 headers/sec, 0 mnlistdiff/sec, avg/last 53.82/39.45 kilobytes per sec, chain/common height 31004/1556550, not stalled (threshold <0.39 KB/sec for 30 seconds)
05:14:11 [PeerGroup Thread] PeerGroup$ChainDownloadSpeedCalculator - 995 blocks/sec, 0 tx/sec, 1664 pre-filtered tx/sec, 0 headers/sec, 0 mnlistdiff/sec, avg/last 55.41/77.73 kilobytes per sec, chain/common height 31999/1556550, not stalled (threshold <0.39 KB/sec for 30 seconds)
05:14:12 [Wallet autosave thread] WalletFiles - Background saving wallet; last seen block is height 32507, date 2019-01-27T11:15:06Z, hash 000000000225f31fef5d8d8f89f7db8e7c3455ef97565ba026ad50057d6dce93
05:14:12 [NioClientManager] DownloadProgressTracker - Chain download 55% done with 1523724 blocks to go, block date 2019-01-27T23:28:45Z
05:14:12 [dashj user thread] DownloadProgressTracker - Chain download 12% done with 1523724 blocks to go, block date 2019-01-27T23:28:45Z
05:14:12 [PeerGroup Thread] PeerGroup$ChainDownloadSpeedCalculator - 827 blocks/sec, 0 tx/sec, 1454 pre-filtered tx/sec, 0 headers/sec, 0 mnlistdiff/sec, avg/last 56.06/64.61 kilobytes per sec, chain/common height 32826/1556550, not stalled (threshold <0.39 KB/sec for 30 seconds)
05:14:13 [PeerGroup Thread] PeerGroup$ChainDownloadSpeedCalculator - 587 blocks/sec, 0 tx/sec, 1068 pre-filtered tx/sec, 0 headers/sec, 0 mnlistdiff/sec, avg/last 56.20/45.86 kilobytes per sec, chain/common height 33413/1556550, not stalled (threshold <0.39 KB/sec for 30 seconds)
05:14:14 [PeerGroup Thread] PeerGroup$ChainDownloadSpeedCalculator - 1086 blocks/sec, 2 tx/sec, 12784 pre-filtered tx/sec, 0 headers/sec, 0 mnlistdiff/sec, avg/last 57.61/85.25 kilobytes per sec, chain/common height 34499/1556550, not stalled (threshold <0.39 KB/sec for 30 seconds)
05:14:15 [PeerGroup Thread] PeerGroup$ChainDownloadSpeedCalculator - 618 blocks/sec, 5 tx/sec, 64991 pre-filtered tx/sec, 0 headers/sec, 0 mnlistdiff/sec, avg/last 57.48/49.96 kilobytes per sec, chain/common height 35117/1556550, not stalled (threshold <0.39 KB/sec for 30 seconds)
05:14:16 [PeerGroup Thread] PeerGroup$ChainDownloadSpeedCalculator - 382 blocks/sec, 2 tx/sec, 21759 pre-filtered tx/sec, 0 headers/sec, 0 mnlistdiff/sec, avg/last 56.49/30.43 kilobytes per sec, chain/common height 35499/1556550, not stalled (threshold <0.39 KB/sec for 30 seconds)
05:14:17 [Wallet autosave thread] WalletFiles - Background saving wallet; last seen block is height 35999, date 2019-02-01T22:26:43Z, hash 000000000038c445c1dacffbdbe3015d4c5e1a83e611289dfc3920c0d9c4d075
05:14:17 [PeerGroup Thread] PeerGroup$ChainDownloadSpeedCalculator - 528 blocks/sec, 0 tx/sec, 3750 pre-filtered tx/sec, 0 headers/sec, 0 mnlistdiff/sec, avg/last 56.45/41.25 kilobytes per sec, chain/common height 36027/1556550, not stalled (threshold <0.39 KB/sec for 30 seconds)
05:14:18 [PeerGroup Thread] PeerGroup$ChainDownloadSpeedCalculator - 972 blocks/sec, 1 tx/sec, 10459 pre-filtered tx/sec, 0 headers/sec, 0 mnlistdiff/sec, avg/last 56.77/76.13 kilobytes per sec, chain/common height 36999/1556550, not stalled (threshold <0.39 KB/sec for 30 seconds)
05:14:19 [PeerGroup Thread] PeerGroup$ChainDownloadSpeedCalculator - 512 blocks/sec, 1 tx/sec, 2855 pre-filtered tx/sec, 0 headers/sec, 0 mnlistdiff/sec, avg/last 57.83/41.28 kilobytes per sec, chain/common height 37511/1556550, not stalled (threshold <0.39 KB/sec for 30 seconds)
05:14:20 [PeerGroup Thread] PeerGroup$ChainDownloadSpeedCalculator - 880 blocks/sec, 0 tx/sec, 5049 pre-filtered tx/sec, 0 headers/sec, 0 mnlistdiff/sec, avg/last 57.44/68.75 kilobytes per sec, chain/common height 38391/1556550, not stalled (threshold <0.39 KB/sec for 30 seconds)
05:14:21 [PeerGroup Thread] PeerGroup$ChainDownloadSpeedCalculator - 269 blocks/sec, 0 tx/sec, 1251 pre-filtered tx/sec, 0 headers/sec, 0 mnlistdiff/sec, avg/last 56.75/21.02 kilobytes per sec, chain/common height 38660/1556550, not stalled (threshold <0.39 KB/sec for 30 seconds)
05:14:22 [Wallet autosave thread] WalletFiles - Background saving wallet; last seen block is height 39499, date 2019-02-07T20:34:39Z, hash 00000000001bfeda766778e7fdd1dd6fbb9b165dc1aabfc7eed9478bbf8b2451
05:14:22 [PeerGroup Thread] PeerGroup$ChainDownloadSpeedCalculator - 865 blocks/sec, 0 tx/sec, 2219 pre-filtered tx/sec, 0 headers/sec, 0 mnlistdiff/sec, avg/last 56.06/67.58 kilobytes per sec, chain/common height 39525/1556550, not stalled (threshold <0.39 KB/sec for 30 seconds)
05:14:23 [PeerGroup Thread] PeerGroup$ChainDownloadSpeedCalculator - 974 blocks/sec, 0 tx/sec, 1730 pre-filtered tx/sec, 0 headers/sec, 0 mnlistdiff/sec, avg/last 56.97/76.09 kilobytes per sec, chain/common height 40499/1556550, not stalled (threshold <0.39 KB/sec for 30 seconds)

===== poll 01  host=2026-09-19T00:17:23 =====
UI syncing:    balance: 
chain: 05:17:29 [PeerGroup Thread] PeerGroup$ChainDownloadSpeedCalculator - 1500 blocks/sec, 0 tx/sec, 2670 pre-filtered tx/sec, 0 headers/sec, 0 mnlistdiff/sec, avg/last 76.32/117.19 kilobytes per sec, chain/common height 195999/1556553, not stalled (threshold <0.39 KB/sec for 30 seconds)
prog:  05:17:22 [NioClientManager] BlockchainServiceImpl - progress 60
dl:    05:17:22 [NioClientManager] DownloadProgressTracker - Chain download 60% done with 1368242 blocks to go, block date 2019-10-06T14:29:22Z
05:17:22 [dashj user thread] DownloadProgressTracker - Chain download 22% done with 1368242 blocks to go, block date 2019-10-06T14:29:22Z
mem:   2026-09-19T00:17:31 master-t5min  Native Heap 37255 37212 12 72 38324 54624 41592 9038| Dalvik Heap 55430 51280 4040 45 57056 66827 42251 24576| Native Heap: 37212 38324| TOTAL PSS: 190296 TOTAL RSS: 333572 TOTAL SWAP PSS: 278|
--- grep percent|peergroup|block|MEM|FATAL (20) ---
05:17:26 [NioClientManager] Wallet - Received tx for -0.00000227 DASH: 03884bd9c33615aaabe6d36e3e39d4e59f4aae0b554843fc31a3c901c9d0f8d1 [1] in block 0000000000e40449fb625894ce63fa3be4dd1a8006533c1251af5fe10893cdf9
05:17:26 [NioClientManager] Wallet - Received tx for 0.01 DASH: 1f3aa72389b8b4971a808c3be67046244124cb105794649b212de10844d56d15 [0] in block 00000000010a541f3589a8a74dadaf176ae01e3f65465cf1e417462b6b8c4ded
05:17:26 [PeerGroup Thread] PeerGroup$ChainDownloadSpeedCalculator - 733 blocks/sec, 9 tx/sec, 116840 pre-filtered tx/sec, 0 headers/sec, 0 mnlistdiff/sec, avg/last 69.80/141.20 kilobytes per sec, chain/common height 191499/1556553, not stalled (threshold <0.39 KB/sec for 30 seconds)
05:17:27 [PeerGroup Thread] PeerGroup$ChainDownloadSpeedCalculator - 1665 blocks/sec, 0 tx/sec, 3789 pre-filtered tx/sec, 0 headers/sec, 0 mnlistdiff/sec, avg/last 72.83/130.08 kilobytes per sec, chain/common height 193164/1556553, not stalled (threshold <0.39 KB/sec for 30 seconds)
05:17:28 [NioClientManager] Wallet - Received tx for -0.00000227 DASH: 0bf9e3f077f5053e5bfc5e4399419d6c6686c7089492ac36ca813efb9ccb4f34 [0] in block 00000678a46f6568f5cd7585d764ee2cadab7fe9f0d8329491db89601aa6eb1f
05:17:28 [NioClientManager] Wallet - Received tx for -0.00000227 DASH: fbd8d3bd8747da6db96feb773d29e2557c4602083321eeafe0cc53b02b06e26f [1] in block 00000678a46f6568f5cd7585d764ee2cadab7fe9f0d8329491db89601aa6eb1f
05:17:28 [NioClientManager] Wallet - Received tx for -0.00000227 DASH: b2248829b8374236af9a6c6d9ad9e17607337b23e629bf61dac9b346cadf6302 [0] in block 000008d613534e48c94adbbfe2e260ea610a86e44e1be60931b337e6b9a49bd1
05:17:28 [NioClientManager] Wallet - Received tx for -0.00000227 DASH: f8da5391d9118b25ad658eeafbd643737fd960b23adf36859a812a7f612209e3 [0] in block 00000ae3753709671dd722a2eba351f356e4a109ddcdea1e34fa63f036bb17a0
05:17:28 [NioClientManager] Wallet - Received tx for -0.10000227 DASH: b5b2cfeede794f9c72beaa2a49b42b83010ace398f889ac878847afaedbd0b17 [0] in block 00000609c8df313e22578d119c6cba0d8429b0d46d0b023573fd2159ce3988f0
05:17:28 [PeerGroup Thread] PeerGroup$ChainDownloadSpeedCalculator - 1335 blocks/sec, 5 tx/sec, 3086 pre-filtered tx/sec, 0 headers/sec, 0 mnlistdiff/sec, avg/last 73.72/105.40 kilobytes per sec, chain/common height 194499/1556553, not stalled (threshold <0.39 KB/sec for 30 seconds)
05:17:28 [Wallet autosave thread] WalletFiles - Background saving wallet; last seen block is height 194499, date 2019-10-16T23:09:11Z, hash 00000000c6b7cf91c641c84cb8a35504a68dd060d0b333c4e85798d36e1efb86
05:17:29 [PeerGroup Thread] PeerGroup$ChainDownloadSpeedCalculator - 1500 blocks/sec, 0 tx/sec, 2670 pre-filtered tx/sec, 0 headers/sec, 0 mnlistdiff/sec, avg/last 76.32/117.19 kilobytes per sec, chain/common height 195999/1556553, not stalled (threshold <0.39 KB/sec for 30 seconds)
05:17:30 [PeerGroup Thread] PeerGroup$ChainDownloadSpeedCalculator - 1292 blocks/sec, 0 tx/sec, 3095 pre-filtered tx/sec, 0 headers/sec, 0 mnlistdiff/sec, avg/last 75.69/100.94 kilobytes per sec, chain/common height 197291/1556553, not stalled (threshold <0.39 KB/sec for 30 seconds)
05:17:31 [PeerGroup Thread] PeerGroup$ChainDownloadSpeedCalculator - 708 blocks/sec, 1 tx/sec, 43186 pre-filtered tx/sec, 0 headers/sec, 0 mnlistdiff/sec, avg/last 75.38/55.50 kilobytes per sec, chain/common height 197999/1556553, not stalled (threshold <0.39 KB/sec for 30 seconds)
05:17:31 [NioClientManager] Wallet - Received tx for 0.123 DASH: 046f768e2495fa10eefcaabd820eb7eba0e818e721ead5f0678a63f97909daa6 [0] in block 000000000185dc0836cb68b85ca018d460170a6e540a0df87fb85f72f05edde2
05:17:32 [NioClientManager] Wallet - Received tx for 0.124 DASH: 693d9169c7b1780d37e8cb4ccea8e5e415c44e9e6b85aa51c3490965da88d2d4 [1] in block 000000000185dc0836cb68b85ca018d460170a6e540a0df87fb85f72f05edde2
05:17:32 [NioClientManager] Wallet - Received tx for 0.125 DASH: d1b554da699dd3353d4d149761b074b94477fb8153be9907d627d1c05128d1c3 [2] in block 000000000185dc0836cb68b85ca018d460170a6e540a0df87fb85f72f05edde2
05:17:32 [NioClientManager] Wallet - Received tx for 0.111 DASH: 6c5d7585210a50519efd59447f5ac75c163c795e16270ce030b045ac412a077a [0] in block 00000000027affd4ffb6afd3ca9d5318dea0a273487bfbe3aeeaa3a2ed845e13
05:17:32 [NioClientManager] Wallet - Received tx for -0.00000227 DASH: 92d3fd5432e71970d700e436a91303f8050ad87111c64df32cde9f91e033be47 [0] in block 00000000163692adacb239b495ded2bc23bb4a456fb706327751b320f2fe1074
05:17:32 [PeerGroup Thread] PeerGroup$ChainDownloadSpeedCalculator - 1119 blocks/sec, 6 tx/sec, 32114 pre-filtered tx/sec, 0 headers/sec, 0 mnlistdiff/sec, avg/last 75.36/89.00 kilobytes per sec, chain/common height 199118/1556553, not stalled (threshold <0.39 KB/sec for 30 seconds)

===== poll 02  host=2026-09-19T00:22:33 =====
UI syncing:    balance: 
chain: 05:22:38 [PeerGroup Thread] PeerGroup$ChainDownloadSpeedCalculator - 2106 blocks/sec, 0 tx/sec, 2979 pre-filtered tx/sec, 0 headers/sec, 0 mnlistdiff/sec, avg/last 86.98/164.53 kilobytes per sec, chain/common height 469096/1556559, not stalled (threshold <0.39 KB/sec for 30 seconds)
prog:  05:22:38 [NioClientManager] BlockchainServiceImpl - progress 68
dl:    05:22:38 [NioClientManager] DownloadProgressTracker - Chain download 68% done with 1088374 blocks to go, block date 2021-03-24T03:27:37Z
05:22:38 [dashj user thread] DownloadProgressTracker - Chain download 40% done with 1088374 blocks to go, block date 2021-03-24T03:27:37Z
mem:   2026-09-19T00:22:40 master-t10min  Native Heap 38455 38412 12 72 39524 54880 42249 8852| Dalvik Heap 54302 50152 4040 45 55928 66379 41803 24576| Native Heap: 38412 39524| TOTAL PSS: 191703 TOTAL RSS: 335492 TOTAL SWAP PSS: 278|
--- grep percent|peergroup|block|MEM|FATAL (20) ---
05:22:32 [PeerGroup Thread] PeerGroup$ChainDownloadSpeedCalculator - 1165 blocks/sec, 0 tx/sec, 1553 pre-filtered tx/sec, 0 headers/sec, 0 mnlistdiff/sec, avg/last 72.62/91.02 kilobytes per sec, chain/common height 459054/1556559, not stalled (threshold <0.39 KB/sec for 30 seconds)
05:22:33 [PeerGroup Thread] PeerGroup$ChainDownloadSpeedCalculator - 1927 blocks/sec, 0 tx/sec, 2746 pre-filtered tx/sec, 0 headers/sec, 0 mnlistdiff/sec, avg/last 75.57/150.55 kilobytes per sec, chain/common height 460981/1556559, not stalled (threshold <0.39 KB/sec for 30 seconds)
05:22:34 [Wallet autosave thread] WalletFiles - Background saving wallet; last seen block is height 461389, date 2021-03-13T03:00:25Z, hash 00000085d7fba14c72510617a722ccbc76e5a4fc93b09655683ea574d73ef535
05:22:34 [PeerGroup Thread] PeerGroup$ChainDownloadSpeedCalculator - 914 blocks/sec, 1 tx/sec, 1287 pre-filtered tx/sec, 0 headers/sec, 0 mnlistdiff/sec, avg/last 78.78/150.13 kilobytes per sec, chain/common height 461895/1556559, not stalled (threshold <0.39 KB/sec for 30 seconds)
05:22:35 [NioClientManager] Wallet - Received tx for -0.01100374 DASH: 183d69e5c829b65da9d49bf0cfed9121c9205bf49fe232324b5a2b8b420ff647 [0] in block 0000000bef1c3cab55a5da8dfa78ef2cfe932790fd84c238a55a8cc54817b7d9
05:22:35 [NioClientManager] Wallet - Received tx for -0.01100226 DASH: 13ae3438426ffe256937939cf773619a0219b918030dd233ca59bc0dae8b9282 [0] in block 00000034ad2a20e1bfc82efa22d2429797bcb17043e834e1d621d49ef2592ff9
05:22:35 [NioClientManager] Wallet - Received tx for -0.01100226 DASH: 72ccc2eaf12c5429bf5861d8c243720bed1cca8af6f969c6c529f9aa58cdd272 [0] in block 0000013a878217097a1f7d1604aaa9cb87a5a4ca190bbed9344c665dadf68f2a
05:22:35 [NioClientManager] Wallet - Received tx for -0.01100374 DASH: 5108ae0e9748c528632d505635287b1dbdf023c8aaa8745f847457ebfb5d9e70 [0] in block 00000c091e64a5adf1bd5968057335315bc69f9b352230c423b1f7adf5e7139b
05:22:35 [NioClientManager] Wallet - Received tx for -0.01100226 DASH: 8ad688c0bc81c8e234806d3c354713a2e6d9daa4c1b6dd78391d0aed07c51dfe [1] in block 00000c091e64a5adf1bd5968057335315bc69f9b352230c423b1f7adf5e7139b
05:22:35 [NioClientManager] Wallet - Received tx for -0.01100226 DASH: 3fab0c26c404472401939acd63142cc7fece273ee4c1f617ccad12080e1dedad [0] in block 000000e549dc7967fabb5bf6ca5e4bd124da7f9f46e839d5b1b30b83c3706991
05:22:35 [PeerGroup Thread] PeerGroup$ChainDownloadSpeedCalculator - 1994 blocks/sec, 6 tx/sec, 3248 pre-filtered tx/sec, 0 headers/sec, 0 mnlistdiff/sec, avg/last 82.10/157.39 kilobytes per sec, chain/common height 463889/1556559, not stalled (threshold <0.39 KB/sec for 30 seconds)
05:22:36 [PeerGroup Thread] PeerGroup$ChainDownloadSpeedCalculator - 1502 blocks/sec, 0 tx/sec, 2237 pre-filtered tx/sec, 0 headers/sec, 0 mnlistdiff/sec, avg/last 83.85/117.34 kilobytes per sec, chain/common height 465391/1556559, not stalled (threshold <0.39 KB/sec for 30 seconds)
05:22:37 [PeerGroup Thread] PeerGroup$ChainDownloadSpeedCalculator - 1599 blocks/sec, 0 tx/sec, 2402 pre-filtered tx/sec, 0 headers/sec, 0 mnlistdiff/sec, avg/last 83.98/124.92 kilobytes per sec, chain/common height 466990/1556559, not stalled (threshold <0.39 KB/sec for 30 seconds)
05:22:38 [NioClientManager] DownloadProgressTracker - Chain download 68% done with 1088374 blocks to go, block date 2021-03-24T03:27:37Z
05:22:38 [dashj user thread] DownloadProgressTracker - Chain download 40% done with 1088374 blocks to go, block date 2021-03-24T03:27:37Z
05:22:38 [PeerGroup Thread] PeerGroup$ChainDownloadSpeedCalculator - 2106 blocks/sec, 0 tx/sec, 2979 pre-filtered tx/sec, 0 headers/sec, 0 mnlistdiff/sec, avg/last 86.98/164.53 kilobytes per sec, chain/common height 469096/1556559, not stalled (threshold <0.39 KB/sec for 30 seconds)
05:22:39 [Wallet autosave thread] WalletFiles - Background saving wallet; last seen block is height 470313, date 2021-03-27T16:46:39Z, hash 000000a6308ab6877152e63ee8561799f6b5ebadcdf4828138aea3afcd974fac
05:22:39 [PeerGroup Thread] PeerGroup$ChainDownloadSpeedCalculator - 2233 blocks/sec, 0 tx/sec, 3089 pre-filtered tx/sec, 0 headers/sec, 0 mnlistdiff/sec, avg/last 91.52/174.45 kilobytes per sec, chain/common height 471329/1556559, not stalled (threshold <0.39 KB/sec for 30 seconds)
05:22:40 [PeerGroup Thread] PeerGroup$ChainDownloadSpeedCalculator - 1355 blocks/sec, 0 tx/sec, 2166 pre-filtered tx/sec, 0 headers/sec, 0 mnlistdiff/sec, avg/last 92.45/105.86 kilobytes per sec, chain/common height 472684/1556559, not stalled (threshold <0.39 KB/sec for 30 seconds)
05:22:41 [PeerGroup Thread] PeerGroup$ChainDownloadSpeedCalculator - 1493 blocks/sec, 2 tx/sec, 2587 pre-filtered tx/sec, 0 headers/sec, 0 mnlistdiff/sec, avg/last 93.77/118.25 kilobytes per sec, chain/common height 474177/1556559, not stalled (threshold <0.39 KB/sec for 30 seconds)

===== poll 03  host=2026-09-19T00:27:42 =====
UI syncing:    balance: 
chain: 05:27:47 [PeerGroup Thread] PeerGroup$ChainDownloadSpeedCalculator - 569 blocks/sec, 0 tx/sec, 1108 pre-filtered tx/sec, 0 headers/sec, 0 mnlistdiff/sec, avg/last 74.39/44.45 kilobytes per sec, chain/common height 857263/1556559, not stalled (threshold <0.39 KB/sec for 30 seconds)
prog:  05:27:47 [NioClientManager] BlockchainServiceImpl - progress 79
dl:    05:27:47 [NioClientManager] DownloadProgressTracker - Chain download 79% done with 699669 blocks to go, block date 2023-06-26T13:18:12Z
05:27:47 [dashj user thread] DownloadProgressTracker - Chain download 65% done with 699669 blocks to go, block date 2023-06-26T13:18:12Z
mem:   2026-09-19T00:27:49 master-t15min  Native Heap 39235 39192 12 72 40304 55904 43186 8938| Dalvik Heap 56486 52336 4040 45 58112 68678 44102 24576| Native Heap: 39192 40304| TOTAL PSS: 195812 TOTAL RSS: 339980 TOTAL SWAP PSS: 278|
--- grep percent|peergroup|block|MEM|FATAL (20) ---
05:27:42 [Wallet autosave thread] WalletFiles - Background saving wallet; last seen block is height 852841, date 2023-06-19T20:47:54Z, hash 000000cd8f5257637b3b4c2f6fa012df612d2237f3e59015e7de23ee2189bde3
05:27:43 [NioClientManager] Wallet - Received tx for -0.00000226 DASH: 9d2939c55f67c0c3fcd92dbcdf0b30db7a8d0fbc9f39da8df369b16de6d4b27e [0] in block 0000000d97d98dfcf8019be829188059fa983f9b7c24632550f17fd837c11d3a
05:27:43 [NioClientManager] Wallet - Received tx for -0.0002036 DASH: b376c6a5c2917f7e12caafacea1ac80bf602a9d84b3e61311a74968de1544030 [1] in block 0000000d97d98dfcf8019be829188059fa983f9b7c24632550f17fd837c11d3a
05:27:43 [NioClientManager] Wallet - Received tx for 0.00020016 DASH: b2bc8f3bae7e477926fb2b8baa85a0f99f8444b2d7bf5bbf02521da09db0786d [0] in block 00000041dcca3b3ab350e7a2808b3e8a11185e564c910293089f453cda88846f
05:27:43 [NioClientManager] Wallet - Received tx for 5.01528923 DASH: 0ba6fa765ef9fbe5fad7ce7fbe96ebe6423b957817ff38149c2711c6f4fb3820 [1] in block 00000041dcca3b3ab350e7a2808b3e8a11185e564c910293089f453cda88846f
05:27:43 [NioClientManager] Wallet - Received tx for -0.0000215 DASH: 2fd1eaadd794a25903759bfb486cff111d53abbe17f1558e658b6eee1d1cda1e [0] in block 0000005e084fb580cc609ed8090e513eb733de3e90a024e2dfb500e6fade5e9c
05:27:43 [NioClientManager] Wallet - Received tx for -700.00000226 DASH: 1a1c62f68329a5f505f4d4560dc31b1af1c934b6a2a1c294e9153e13c7482653 [1] in block 0000005e084fb580cc609ed8090e513eb733de3e90a024e2dfb500e6fade5e9c
05:27:43 [NioClientManager] Wallet - Received tx for 0.00020008 DASH: 87be469b00b28e8f03971d8bec2c093bb2804c722db3991917d2375a518ff7df [2] in block 0000005e084fb580cc609ed8090e513eb733de3e90a024e2dfb500e6fade5e9c
05:27:43 [PeerGroup Thread] PeerGroup$ChainDownloadSpeedCalculator - 859 blocks/sec, 8 tx/sec, 1577 pre-filtered tx/sec, 0 headers/sec, 0 mnlistdiff/sec, avg/last 73.34/71.00 kilobytes per sec, chain/common height 853359/1556559, not stalled (threshold <0.39 KB/sec for 30 seconds)
05:27:44 [PeerGroup Thread] PeerGroup$ChainDownloadSpeedCalculator - 1482 blocks/sec, 0 tx/sec, 2569 pre-filtered tx/sec, 0 headers/sec, 0 mnlistdiff/sec, avg/last 74.59/115.78 kilobytes per sec, chain/common height 854841/1556559, not stalled (threshold <0.39 KB/sec for 30 seconds)
05:27:45 [PeerGroup Thread] PeerGroup$ChainDownloadSpeedCalculator - 505 blocks/sec, 0 tx/sec, 959 pre-filtered tx/sec, 0 headers/sec, 0 mnlistdiff/sec, avg/last 73.31/39.45 kilobytes per sec, chain/common height 855346/1556559, not stalled (threshold <0.39 KB/sec for 30 seconds)
05:27:46 [PeerGroup Thread] PeerGroup$ChainDownloadSpeedCalculator - 1348 blocks/sec, 0 tx/sec, 2370 pre-filtered tx/sec, 0 headers/sec, 0 mnlistdiff/sec, avg/last 75.00/105.31 kilobytes per sec, chain/common height 856694/1556559, not stalled (threshold <0.39 KB/sec for 30 seconds)
05:27:47 [NioClientManager] DownloadProgressTracker - Chain download 79% done with 699669 blocks to go, block date 2023-06-26T13:18:12Z
05:27:47 [dashj user thread] DownloadProgressTracker - Chain download 65% done with 699669 blocks to go, block date 2023-06-26T13:18:12Z
05:27:47 [PeerGroup Thread] PeerGroup$ChainDownloadSpeedCalculator - 569 blocks/sec, 0 tx/sec, 1108 pre-filtered tx/sec, 0 headers/sec, 0 mnlistdiff/sec, avg/last 74.39/44.45 kilobytes per sec, chain/common height 857263/1556559, not stalled (threshold <0.39 KB/sec for 30 seconds)
05:27:48 [Wallet autosave thread] WalletFiles - Background saving wallet; last seen block is height 857361, date 2023-06-27T07:39:29Z, hash 0000008718ed29aadc04805c897ad681ccfa18388fc64887e1f690bcfc4aa117
05:27:48 [PeerGroup Thread] PeerGroup$ChainDownloadSpeedCalculator - 1078 blocks/sec, 0 tx/sec, 2056 pre-filtered tx/sec, 0 headers/sec, 0 mnlistdiff/sec, avg/last 74.57/84.22 kilobytes per sec, chain/common height 858341/1556559, not stalled (threshold <0.39 KB/sec for 30 seconds)
05:27:49 [PeerGroup Thread] PeerGroup$ChainDownloadSpeedCalculator - 1000 blocks/sec, 0 tx/sec, 2413 pre-filtered tx/sec, 0 headers/sec, 0 mnlistdiff/sec, avg/last 75.90/78.13 kilobytes per sec, chain/common height 859341/1556559, not stalled (threshold <0.39 KB/sec for 30 seconds)
05:27:50 [PeerGroup Thread] PeerGroup$ChainDownloadSpeedCalculator - 1014 blocks/sec, 0 tx/sec, 2776 pre-filtered tx/sec, 0 headers/sec, 0 mnlistdiff/sec, avg/last 74.62/79.22 kilobytes per sec, chain/common height 860355/1556559, not stalled (threshold <0.39 KB/sec for 30 seconds)
05:27:51 [PeerGroup Thread] PeerGroup$ChainDownloadSpeedCalculator - 1039 blocks/sec, 0 tx/sec, 1693 pre-filtered tx/sec, 0 headers/sec, 0 mnlistdiff/sec, avg/last 76.03/81.17 kilobytes per sec, chain/common height 861394/1556559, not stalled (threshold <0.39 KB/sec for 30 seconds)

===== poll 04  host=2026-09-19T00:32:52 =====
UI syncing:    balance: 
chain: 05:32:57 [PeerGroup Thread] PeerGroup$ChainDownloadSpeedCalculator - 779 blocks/sec, 0 tx/sec, 1422 pre-filtered tx/sec, 0 headers/sec, 0 mnlistdiff/sec, avg/last 80.78/60.86 kilobytes per sec, chain/common height 1182740/1556561, not stalled (threshold <0.39 KB/sec for 30 seconds)
prog:  05:32:58 [NioClientManager] BlockchainServiceImpl - progress 89
dl:    05:32:58 [NioClientManager] DownloadProgressTracker - Chain download 89% done with 373157 blocks to go, block date 2025-01-25T02:21:58Z
05:32:58 [dashj user thread] DownloadProgressTracker - Chain download 86% done with 373157 blocks to go, block date 2025-01-25T02:21:58Z
mem:   2026-09-19T00:32:59 master-t20min  Native Heap 39423 39380 12 72 40492 55528 43314 8672| Dalvik Heap 73830 69680 4040 45 75456 76678 52134 24544| Native Heap: 39380 40492| TOTAL PSS: 214159 TOTAL RSS: 358680 TOTAL SWAP PSS: 278|
--- grep percent|peergroup|block|MEM|FATAL (20) ---
05:32:48 [Wallet autosave thread] WalletFiles - Background saving wallet; last seen block is height 1172827, date 2025-01-07T21:20:40Z, hash 000001b46aca36fc0668e0ed52536f40d4e91f47013c1d078027894e4b67a100
05:32:48 [PeerGroup Thread] PeerGroup$ChainDownloadSpeedCalculator - 1007 blocks/sec, 0 tx/sec, 1954 pre-filtered tx/sec, 0 headers/sec, 0 mnlistdiff/sec, avg/last 79.41/78.67 kilobytes per sec, chain/common height 1173747/1556561, not stalled (threshold <0.39 KB/sec for 30 seconds)
05:32:49 [PeerGroup Thread] PeerGroup$ChainDownloadSpeedCalculator - 861 blocks/sec, 0 tx/sec, 1770 pre-filtered tx/sec, 0 headers/sec, 0 mnlistdiff/sec, avg/last 80.46/67.27 kilobytes per sec, chain/common height 1174608/1556561, not stalled (threshold <0.39 KB/sec for 30 seconds)
05:32:50 [PeerGroup Thread] PeerGroup$ChainDownloadSpeedCalculator - 1372 blocks/sec, 0 tx/sec, 3027 pre-filtered tx/sec, 0 headers/sec, 0 mnlistdiff/sec, avg/last 80.13/107.19 kilobytes per sec, chain/common height 1175981/1556561, not stalled (threshold <0.39 KB/sec for 30 seconds)
05:32:51 [PeerGroup Thread] PeerGroup$ChainDownloadSpeedCalculator - 771 blocks/sec, 0 tx/sec, 1779 pre-filtered tx/sec, 0 headers/sec, 0 mnlistdiff/sec, avg/last 80.79/60.23 kilobytes per sec, chain/common height 1176751/1556561, not stalled (threshold <0.39 KB/sec for 30 seconds)
05:32:52 [PeerGroup Thread] PeerGroup$ChainDownloadSpeedCalculator - 1101 blocks/sec, 0 tx/sec, 2052 pre-filtered tx/sec, 0 headers/sec, 0 mnlistdiff/sec, avg/last 79.76/86.02 kilobytes per sec, chain/common height 1177852/1556561, not stalled (threshold <0.39 KB/sec for 30 seconds)
05:32:53 [Wallet autosave thread] WalletFiles - Background saving wallet; last seen block is height 1178303, date 2025-01-16T19:32:07Z, hash 000000d444c1a7804c14cf7fa9d460b8c9d7abb13124367950ce1239af65049c
05:32:53 [PeerGroup Thread] PeerGroup$ChainDownloadSpeedCalculator - 891 blocks/sec, 0 tx/sec, 1622 pre-filtered tx/sec, 0 headers/sec, 0 mnlistdiff/sec, avg/last 80.82/69.61 kilobytes per sec, chain/common height 1178743/1556561, not stalled (threshold <0.39 KB/sec for 30 seconds)
05:32:54 [PeerGroup Thread] PeerGroup$ChainDownloadSpeedCalculator - 1009 blocks/sec, 0 tx/sec, 1822 pre-filtered tx/sec, 0 headers/sec, 0 mnlistdiff/sec, avg/last 79.50/78.83 kilobytes per sec, chain/common height 1179752/1556561, not stalled (threshold <0.39 KB/sec for 30 seconds)
05:32:55 [PeerGroup Thread] PeerGroup$ChainDownloadSpeedCalculator - 1008 blocks/sec, 0 tx/sec, 1925 pre-filtered tx/sec, 0 headers/sec, 0 mnlistdiff/sec, avg/last 78.90/78.75 kilobytes per sec, chain/common height 1180760/1556561, not stalled (threshold <0.39 KB/sec for 30 seconds)
05:32:56 [PeerGroup Thread] PeerGroup$ChainDownloadSpeedCalculator - 1201 blocks/sec, 0 tx/sec, 2465 pre-filtered tx/sec, 0 headers/sec, 0 mnlistdiff/sec, avg/last 80.09/93.83 kilobytes per sec, chain/common height 1181961/1556561, not stalled (threshold <0.39 KB/sec for 30 seconds)
05:32:57 [PeerGroup Thread] PeerGroup$ChainDownloadSpeedCalculator - 779 blocks/sec, 0 tx/sec, 1422 pre-filtered tx/sec, 0 headers/sec, 0 mnlistdiff/sec, avg/last 80.78/60.86 kilobytes per sec, chain/common height 1182740/1556561, not stalled (threshold <0.39 KB/sec for 30 seconds)
05:32:58 [NioClientManager] DownloadProgressTracker - Chain download 89% done with 373157 blocks to go, block date 2025-01-25T02:21:58Z
05:32:58 [dashj user thread] DownloadProgressTracker - Chain download 86% done with 373157 blocks to go, block date 2025-01-25T02:21:58Z
05:32:58 [Wallet autosave thread] WalletFiles - Background saving wallet; last seen block is height 1184240, date 2025-01-26T10:37:37Z, hash 00000011a0137fae619f59200631f192bdb24895cfeed0171934d4227c54032b
05:32:58 [PeerGroup Thread] PeerGroup$ChainDownloadSpeedCalculator - 1501 blocks/sec, 0 tx/sec, 2638 pre-filtered tx/sec, 0 headers/sec, 0 mnlistdiff/sec, avg/last 81.23/117.27 kilobytes per sec, chain/common height 1184241/1556561, not stalled (threshold <0.39 KB/sec for 30 seconds)
05:32:59 [PeerGroup Thread] PeerGroup$ChainDownloadSpeedCalculator - 522 blocks/sec, 0 tx/sec, 935 pre-filtered tx/sec, 0 headers/sec, 0 mnlistdiff/sec, avg/last 80.44/40.78 kilobytes per sec, chain/common height 1184763/1556561, not stalled (threshold <0.39 KB/sec for 30 seconds)
05:33:00 [main] BlockchainServiceImpl - History of transactions/blocks/headers/mnlistdiff: 21/61000/0/0, 394/72639/0/0, 6/60959/0/0, 15/60997/0/0, 99/59298/0/0, 124/58079/0/0, 131/61037/0/0, 116/54699/0/0, 130/91092/0/0
05:33:00 [PeerGroup Thread] PeerGroup$ChainDownloadSpeedCalculator - 1507 blocks/sec, 0 tx/sec, 2469 pre-filtered tx/sec, 0 headers/sec, 0 mnlistdiff/sec, avg/last 82.13/117.73 kilobytes per sec, chain/common height 1186270/1556561, not stalled (threshold <0.39 KB/sec for 30 seconds)
05:33:01 [PeerGroup Thread] PeerGroup$ChainDownloadSpeedCalculator - 991 blocks/sec, 0 tx/sec, 2122 pre-filtered tx/sec, 0 headers/sec, 0 mnlistdiff/sec, avg/last 82.08/77.42 kilobytes per sec, chain/common height 1187261/1556561, not stalled (threshold <0.39 KB/sec for 30 seconds)

===== poll 05  host=2026-09-19T00:38:02 =====
UI syncing:    balance: 
chain: 05:38:07 [PeerGroup Thread] PeerGroup$ChainDownloadSpeedCalculator - 698 blocks/sec, 3 tx/sec, 1100 pre-filtered tx/sec, 0 headers/sec, 0 mnlistdiff/sec, avg/last 9.21/55.36 kilobytes per sec, chain/common height 1538138/1556563 (warming up 9 more seconds)
prog:  05:37:26 [NioClientManager] BlockchainServiceImpl - progress 99
dl:    05:38:01 [PeerGroup Thread] DownloadProgressTracker - Chain download switched to Peer{[68.67.122.80]:19999, version=70240, subVer=/Dash Core:23.1.8(dcg-masternode-51)/, services=7237 (NETWORK, BLOOM, NETWORK_LIMITED, COMPACT_FILTERS, HEADERS_COMPRESSED, remaining: 1000001000000), time=2026-09-19 00:12:47, height=1556549}
05:38:01 [dashj user thread] DownloadProgressTracker - Chain download switched to Peer{[68.67.122.80]:19999, version=70240, subVer=/Dash Core:23.1.8(dcg-masternode-51)/, services=7237 (NETWORK, BLOOM, NETWORK_LIMITED, COMPACT_FILTERS, HEADERS_COMPRESSED, remaining: 1000001000000), time=2026-09-19 00:12:47, height=1556549}
mem:   2026-09-19T00:38:09 master-t25min  Native Heap 40551 40508 12 72 41620 57064 44425 9181| Dalvik Heap 81138 76988 4040 45 82764 86724 62148 24576| Native Heap: 40508 41620| TOTAL PSS: 223697 TOTAL RSS: 368428 TOTAL SWAP PSS: 278|
--- grep percent|peergroup|block|MEM|FATAL (20) ---
05:38:01 [PeerGroup Thread] PeerGroup - Sync Stage change from BLOCKS to BLOCKS
05:38:01 [PeerGroup Thread] DownloadProgressTracker - Chain download switched to Peer{[68.67.122.80]:19999, version=70240, subVer=/Dash Core:23.1.8(dcg-masternode-51)/, services=7237 (NETWORK, BLOOM, NETWORK_LIMITED, COMPACT_FILTERS, HEADERS_COMPRESSED, remaining: 1000001000000), time=2026-09-19 00:12:47, height=1556549}
05:38:01 [dashj user thread] AbstractQuorumState - There are no pending blocks to request: GetSimplifiedMasternodeListDiff{baseBlockHash=00000bafbc94add76cb75e2ec92894837288a481e5c005f6563d91623bf8bc2c, blockHash=00000043928ab6c7e819d921644dd72ada815d6b34d0d9162bd813c232ed1502}
05:38:01 [PeerGroup Thread] PeerGroup - Waiting 1000 ms before next connect attempt to [68.67.122.77]:19999
05:38:02 [NioClientManager] Wallet - Received tx for -0.01230227 DASH: 5e4d7282a266039bd2244c2ff9f8a7f96d40ded15b314c5c7d5e451c4350272c [0] in block 000000b36539da4a8cd72a933028e496164ad094d5738e4fb63328a82fb783f2
05:38:02 [PeerGroup Thread] PeerGroup$ChainDownloadSpeedCalculator - 408 blocks/sec, 3 tx/sec, 624 pre-filtered tx/sec, 0 headers/sec, 0 mnlistdiff/sec, avg/last 1.85/32.89 kilobytes per sec, chain/common height 1535328/1556563 (warming up 14 more seconds)
05:38:02 [PeerGroup Thread] PeerGroup - Attempting connection to [68.67.122.31]:19999     (5 connected, 1 pending, 6 max)
05:38:03 [NioClientManager] PeerGroup - Peer{[68.67.122.31]:19999, version=70240, subVer=/Dash Core:23.1.8(dcg-masternode-2)/, services=7237 (NETWORK, BLOOM, NETWORK_LIMITED, COMPACT_FILTERS, HEADERS_COMPRESSED, remaining: 1000001000000), time=2026-09-19 00:38:02, height=1556563}: New peer      (6 connected, 0 pending, 6 max)
05:38:03 [PeerGroup Thread] PeerGroup$ChainDownloadSpeedCalculator - 592 blocks/sec, 2 tx/sec, 904 pre-filtered tx/sec, 0 headers/sec, 0 mnlistdiff/sec, avg/last 3.39/47.05 kilobytes per sec, chain/common height 1535920/1556563 (warming up 13 more seconds)
05:38:04 [PeerGroup Thread] PeerGroup$ChainDownloadSpeedCalculator - 500 blocks/sec, 4 tx/sec, 817 pre-filtered tx/sec, 0 headers/sec, 0 mnlistdiff/sec, avg/last 4.72/40.46 kilobytes per sec, chain/common height 1536420/1556563 (warming up 12 more seconds)
05:38:05 [PeerGroup Thread] PeerGroup$ChainDownloadSpeedCalculator - 578 blocks/sec, 4 tx/sec, 937 pre-filtered tx/sec, 0 headers/sec, 0 mnlistdiff/sec, avg/last 6.24/46.35 kilobytes per sec, chain/common height 1536998/1556563 (warming up 11 more seconds)
05:38:06 [PeerGroup Thread] PeerGroup$ChainDownloadSpeedCalculator - 442 blocks/sec, 3 tx/sec, 733 pre-filtered tx/sec, 0 headers/sec, 0 mnlistdiff/sec, avg/last 7.39/35.43 kilobytes per sec, chain/common height 1537440/1556563 (warming up 10 more seconds)
05:38:07 [Wallet autosave thread] WalletFiles - Background saving wallet; last seen block is height 1537440, date 2026-08-19T21:20:03Z, hash 0000000bd4b3fad90d390558693e90bca000a9a39ab731252c48cf230e7b90e9
05:38:07 [PeerGroup Thread] PeerGroup$ChainDownloadSpeedCalculator - 698 blocks/sec, 3 tx/sec, 1100 pre-filtered tx/sec, 0 headers/sec, 0 mnlistdiff/sec, avg/last 9.21/55.36 kilobytes per sec, chain/common height 1538138/1556563 (warming up 9 more seconds)
05:38:08 [PeerGroup Thread] PeerGroup$ChainDownloadSpeedCalculator - 662 blocks/sec, 47 tx/sec, 1103 pre-filtered tx/sec, 0 headers/sec, 0 mnlistdiff/sec, avg/last 80.05/2125.95 kilobytes per sec, chain/common height 1538800/1556563 (warming up 8 more seconds)
05:38:09 [PeerGroup Thread] PeerGroup$ChainDownloadSpeedCalculator - 124 blocks/sec, 9 tx/sec, 227 pre-filtered tx/sec, 0 headers/sec, 0 mnlistdiff/sec, avg/last 92.10/362.37 kilobytes per sec, chain/common height 1538924/1556563 (warming up 7 more seconds)
05:38:10 [NioClientManager] Wallet - Received tx for 1.00 DASH: 948e94e18dc8494adc60a0e889f51da271f6c538e5c1f7f1f2e9cbe5930d43c2 [0] in block 0000001c4ff3bfa4e5a34a99d6f20e114e0d1562f5ef7f2b4ab119a2eaaed231
05:38:10 [PeerGroup Thread] PeerGroup$ChainDownloadSpeedCalculator - 761 blocks/sec, 44 tx/sec, 1271 pre-filtered tx/sec, 0 headers/sec, 0 mnlistdiff/sec, avg/last 156.14/1922.02 kilobytes per sec, chain/common height 1539685/1556563 (warming up 6 more seconds)
05:38:11 [PeerGroup Thread] PeerGroup$ChainDownloadSpeedCalculator - 735 blocks/sec, 15 tx/sec, 1325 pre-filtered tx/sec, 0 headers/sec, 0 mnlistdiff/sec, avg/last 162.30/185.44 kilobytes per sec, chain/common height 1540420/1556563 (warming up 5 more seconds)
05:38:12 [Wallet autosave thread] WalletFiles - Background saving wallet; last seen block is height 1540486, date 2026-08-24T17:26:36Z, hash 0000002e04c305dfccc6497b834b67c944918983f18926fea51ab6264ab9918d

